Archive member included to satisfy reference by file (symbol)

app/libapp.a(main.c.obj)      (--whole-archive)
app/libapp.a(bma400.c.obj)    (--whole-archive)
zephyr/libzephyr.a(heap.c.obj)
                              (--whole-archive)
zephyr/libzephyr.a(cbprintf_packaged.c.obj)
                              (--whole-archive)
zephyr/libzephyr.a(printk.c.obj)
                              (--whole-archive)
zephyr/libzephyr.a(sem.c.obj)
                              (--whole-archive)
zephyr/libzephyr.a(thread_entry.c.obj)
                              (--whole-archive)
zephyr/libzephyr.a(cbprintf_complete.c.obj)
                              (--whole-archive)
zephyr/libzephyr.a(assert.c.obj)
                              (--whole-archive)
zephyr/libzephyr.a(dec.c.obj)
                              (--whole-archive)
zephyr/libzephyr.a(hex.c.obj)
                              (--whole-archive)
zephyr/libzephyr.a(rb.c.obj)  (--whole-archive)
zephyr/libzephyr.a(timeutil.c.obj)
                              (--whole-archive)
zephyr/libzephyr.a(bitarray.c.obj)
                              (--whole-archive)
zephyr/libzephyr.a(onoff.c.obj)
                              (--whole-archive)
zephyr/libzephyr.a(notify.c.obj)
                              (--whole-archive)
zephyr/libzephyr.a(ring_buffer.c.obj)
                              (--whole-archive)
zephyr/libzephyr.a(last_section_id.c.obj)
                              (--whole-archive)
zephyr/libzephyr.a(configs.c.obj)
                              (--whole-archive)
zephyr/libzephyr.a(log_core.c.obj)
                              (--whole-archive)
zephyr/libzephyr.a(log_mgmt.c.obj)
                              (--whole-archive)
zephyr/libzephyr.a(log_cache.c.obj)
                              (--whole-archive)
zephyr/libzephyr.a(log_msg.c.obj)
                              (--whole-archive)
zephyr/libzephyr.a(log_output.c.obj)
                              (--whole-archive)
zephyr/libzephyr.a(log_backend_rtt.c.obj)
                              (--whole-archive)
zephyr/libzephyr.a(mem_attr.c.obj)
                              (--whole-archive)
zephyr/libzephyr.a(device.c.obj)
                              (--whole-archive)
zephyr/libzephyr.a(device_runtime.c.obj)
                              (--whole-archive)
zephyr/libzephyr.a(tracing_none.c.obj)
                              (--whole-archive)
zephyr/libzephyr.a(banner.c.obj)
                              (--whole-archive)
zephyr/libzephyr.a(flash_map_partition_manager.c.obj)
                              (--whole-archive)
zephyr/arch/common/libarch__common.a(sw_isr_common.c.obj)
                              (--whole-archive)
zephyr/arch/arch/arm/core/libarch__arm__core.a(fatal.c.obj)
                              (--whole-archive)
zephyr/arch/arch/arm/core/libarch__arm__core.a(nmi.c.obj)
                              (--whole-archive)
zephyr/arch/arch/arm/core/libarch__arm__core.a(nmi_on_reset.S.obj)
                              (--whole-archive)
zephyr/arch/arch/arm/core/libarch__arm__core.a(tls.c.obj)
                              (--whole-archive)
zephyr/arch/arch/arm/core/cortex_m/libarch__arm__core__cortex_m.a(exc_exit.c.obj)
                              (--whole-archive)
zephyr/arch/arch/arm/core/cortex_m/libarch__arm__core__cortex_m.a(fault.c.obj)
                              (--whole-archive)
zephyr/arch/arch/arm/core/cortex_m/libarch__arm__core__cortex_m.a(fault_s.S.obj)
                              (--whole-archive)
zephyr/arch/arch/arm/core/cortex_m/libarch__arm__core__cortex_m.a(fpu.c.obj)
                              (--whole-archive)
zephyr/arch/arch/arm/core/cortex_m/libarch__arm__core__cortex_m.a(reset.S.obj)
                              (--whole-archive)
zephyr/arch/arch/arm/core/cortex_m/libarch__arm__core__cortex_m.a(scb.c.obj)
                              (--whole-archive)
zephyr/arch/arch/arm/core/cortex_m/libarch__arm__core__cortex_m.a(thread_abort.c.obj)
                              (--whole-archive)
zephyr/arch/arch/arm/core/cortex_m/libarch__arm__core__cortex_m.a(vector_table.S.obj)
                              (--whole-archive)
zephyr/arch/arch/arm/core/cortex_m/libarch__arm__core__cortex_m.a(swap_helper.S.obj)
                              (--whole-archive)
zephyr/arch/arch/arm/core/cortex_m/libarch__arm__core__cortex_m.a(irq_manage.c.obj)
                              (--whole-archive)
zephyr/arch/arch/arm/core/cortex_m/libarch__arm__core__cortex_m.a(prep_c.c.obj)
                              (--whole-archive)
zephyr/arch/arch/arm/core/cortex_m/libarch__arm__core__cortex_m.a(thread.c.obj)
                              (--whole-archive)
zephyr/arch/arch/arm/core/cortex_m/libarch__arm__core__cortex_m.a(cpu_idle.c.obj)
                              (--whole-archive)
zephyr/arch/arch/arm/core/cortex_m/libarch__arm__core__cortex_m.a(irq_init.c.obj)
                              (--whole-archive)
[...]
Memory Configuration

Name             Origin             Length             Attributes
FLASH            0x0000000000000000 0x0000000000080000 xr
RAM              0x0000000020000000 0x0000000000010000 xw
IDT_LIST         0x00000000ffff7fff 0x0000000000008000 xw
*default*        0x0000000000000000 0xffffffffffffffff

Linker script and memory map

                0x000000000000649c                vfprintf = __l_vfprintf
                0x0000000000000000                vfscanf = __l_vfscanf
LOAD zephyr/CMakeFiles/zephyr_final.dir/misc/empty_file.c.obj
LOAD zephyr/CMakeFiles/zephyr_final.dir/isr_tables.c.obj
LOAD zephyr/CMakeFiles/offsets.dir/./arch/arm/core/offsets/offsets.c.obj
LOAD app/libapp.a
LOAD zephyr/libzephyr.a
LOAD zephyr/arch/common/libarch__common.a
LOAD zephyr/arch/arch/arm/core/libarch__arm__core.a
LOAD zephyr/arch/arch/arm/core/cortex_m/libarch__arm__core__cortex_m.a
LOAD zephyr/arch/arch/arm/core/mpu/libarch__arm__core__mpu.a
LOAD zephyr/lib/libc/picolibc/liblib__libc__picolibc.a
LOAD zephyr/lib/libc/common/liblib__libc__common.a
LOAD zephyr/soc/soc/nrf52832/libsoc__nordic.a
LOAD zephyr/drivers/clock_control/libdrivers__clock_control.a
LOAD zephyr/drivers/gpio/libdrivers__gpio.a
LOAD zephyr/drivers/pinctrl/libdrivers__pinctrl.a
LOAD zephyr/drivers/spi/libdrivers__spi.a
LOAD zephyr/drivers/timer/libdrivers__timer.a
LOAD modules/hal_nordic/modules/hal_nordic/nrfx/libmodules__hal_nordic__nrfx.a
LOAD modules/segger/libmodules__segger.a
LOAD zephyr/kernel/libkernel.a
LOAD zephyr/arch/common/libisr_tables.a
LOAD /home/nrg-gluon/ncs/toolchains/b2ecd2435d/opt/zephyr-sdk/arm-zephyr-eabi/bin/../lib/gcc/../../picolibc/arm-zephyr-eabi/lib/thumb/v7e-m/nofp/libc.a
LOAD /home/nrg-gluon/ncs/toolchains/b2ecd2435d/opt/zephyr-sdk/arm-zephyr-eabi/bin/../lib/gcc/arm-zephyr-eabi/12.2.0/thumb/v7e-m/nofp/libgcc.a
                0x0000000000000020                _region_min_align = 0x20

.rel.plt        0x0000000000000000        0x0
 *(SORT_BY_ALIGNMENT(.rel.plt))
                [!provide]                        PROVIDE (__rel_iplt_start = .)
 *(SORT_BY_ALIGNMENT(.rel.iplt))
 .rel.iplt      0x0000000000000000        0x0 zephyr/CMakeFiles/zephyr_final.dir/isr_tables.c.obj
                [!provide]                        PROVIDE (__rel_iplt_end = .)

.rela.plt       0x0000000000000000        0x0
 *(SORT_BY_ALIGNMENT(.rela.plt))
                [!provide]                        PROVIDE (__rela_iplt_start = .)
 *(SORT_BY_ALIGNMENT(.rela.iplt))
                [!provide]                        PROVIDE (__rela_iplt_end = .)

.rel.dyn
 *(SORT_BY_ALIGNMENT(.rel.*))

.rela.dyn
 *(SORT_BY_ALIGNMENT(.rela.*))

/DISCARD/
 *(SORT_BY_ALIGNMENT(.plt))

/DISCARD/
 *(SORT_BY_ALIGNMENT(.iplt))
                0x0000000000000000                __rom_region_start = 0x0

rom_start       0x0000000000000000       0xdc
                0x0000000000000000                __rom_start_address = .
 FILL mask 0x00
                0x0000000000000000                . = (. + (0x0 - (. - __rom_start_address)))
                0x0000000000000000                . = ALIGN (0x4)
                0x0000000000000000                . = ALIGN (0x80)
                0x0000000000000000                . = ALIGN (0x100)
                0x0000000000000000                _vector_start = .
 *(SORT_BY_ALIGNMENT(.exc_vector_table))
 *(SORT_BY_ALIGNMENT(.exc_vector_table.*))
 .exc_vector_table._vector_table_section
                0x0000000000000000       0x40 zephyr/arch/arch/arm/core/cortex_m/libarch__arm__core__cortex_m.a(vector_table.S.obj)
                0x0000000000000000                _vector_table
 *(SORT_BY_ALIGNMENT(.vectors))
                0x00000000000000dc                _vector_end = .
                0x0000000000000040                . = ALIGN (0x4)
 *(SORT_BY_ALIGNMENT(.gnu.linkonce.irq_vector_table*))
 .gnu.linkonce.irq_vector_table
                0x0000000000000040       0x9c zephyr/CMakeFiles/zephyr_final.dir/isr_tables.c.obj
                0x0000000000000040                _irq_vector_table
                0x00000000000000dc                _vector_end = .

text            0x00000000000000dc     0x7f80
                0x00000000000000dc                __text_region_start = .
 *(SORT_BY_ALIGNMENT(.text))
 .text          0x00000000000000dc       0x30 /home/nrg-gluon/ncs/toolchains/b2ecd2435d/opt/zephyr-sdk/arm-zephyr-eabi/bin/../lib/gcc/arm-zephyr-eabi/12.2.0/thumb/v7e-m/nofp/libgcc.a(_aeabi_uldivmod.o)
                0x00000000000000dc                __aeabi_uldivmod
 .text          0x000000000000010c        0x4 /home/nrg-gluon/ncs/toolchains/b2ecd2435d/opt/zephyr-sdk/arm-zephyr-eabi/bin/../lib/gcc/arm-zephyr-eabi/12.2.0/thumb/v7e-m/nofp/libgcc.a(_dvmd_tls.o)
                0x000000000000010c                __aeabi_ldiv0
                0x000000000000010c                __aeabi_idiv0
 .text          0x0000000000000110       0x10 /home/nrg-gluon/ncs/toolchains/b2ecd2435d/opt/zephyr-sdk/arm-zephyr-eabi/bin/../lib/gcc/../../picolibc/arm-zephyr-eabi/lib/thumb/v7e-m/nofp/libc.a(strlen.S.o)
                0x0000000000000110                strlen
 .text          0x0000000000000120      0x2a0 /home/nrg-gluon/ncs/toolchains/b2ecd2435d/opt/zephyr-sdk/arm-zephyr-eabi/bin/../lib/gcc/arm-zephyr-eabi/12.2.0/thumb/v7e-m/nofp/libgcc.a(_udivmoddi4.o)
                0x0000000000000120                __udivmoddi4
 *(SORT_BY_ALIGNMENT(.text.*))
 .text.read_reg_spi
                0x00000000000003c0       0x84 app/libapp.a(main.c.obj)
                0x00000000000003c0                read_reg_spi
 .text.bma_int_handler
                0x0000000000000444       0x30 app/libapp.a(main.c.obj)
                0x0000000000000444                bma_int_handler
 .text.thread_read_bma400
                0x0000000000000474       0x94 app/libapp.a(main.c.obj)
                0x0000000000000474                thread_read_bma400
 .text.write_reg_spi
                0x0000000000000508       0x60 app/libapp.a(main.c.obj)
                0x0000000000000508                write_reg_spi
 .text.init_read_lp
                0x0000000000000568       0x54 app/libapp.a(main.c.obj)
                0x0000000000000568                init_read_lp
 .text.main     0x00000000000005bc      0x100 app/libapp.a(main.c.obj)
                0x00000000000005bc                main
 .text.bma400_set_sensor_conf
                0x00000000000006bc      0x5f4 app/libapp.a(bma400.c.obj)
                0x00000000000006bc                bma400_set_sensor_conf
 .text.bma400_get_sensor_conf
                0x0000000000000cb0      0x278 app/libapp.a(bma400.c.obj)
                0x0000000000000cb0                bma400_get_sensor_conf
 .text.cbvprintf_package
                0x0000000000000f28      0x3a4 zephyr/libzephyr.a(cbprintf_packaged.c.obj)
                0x0000000000000f28                cbvprintf_package
 .text.z_thread_entry
                0x00000000000012cc       0x34 zephyr/libzephyr.a(thread_entry.c.obj)
                0x00000000000012cc                z_thread_entry
 .text.process_event
                0x0000000000001300      0x21c zephyr/libzephyr.a(onoff.c.obj)
 .text.z_log_init.isra.0
                0x000000000000151c       0xd4 zephyr/libzephyr.a(log_core.c.obj)
 .text.log_format_func_t_get
                0x00000000000015f0        0xc zephyr/libzephyr.a(log_core.c.obj)
                0x00000000000015f0                log_format_func_t_get
 .text.log_set_timestamp_func
                0x00000000000015fc       0x20 zephyr/libzephyr.a(log_core.c.obj)
                0x00000000000015fc                log_set_timestamp_func
 .text.log_core_init
                0x000000000000161c       0x4c zephyr/libzephyr.a(log_core.c.obj)
                0x000000000000161c                log_core_init
 .text.z_impl_log_panic
                0x0000000000001668       0x3c zephyr/libzephyr.a(log_core.c.obj)
                0x0000000000001668                z_impl_log_panic
 .text.z_log_dropped
                0x00000000000016a4       0x30 zephyr/libzephyr.a(log_core.c.obj)
                0x00000000000016a4                z_log_dropped
 .text.z_log_msg_commit
                0x00000000000016d4       0x38 zephyr/libzephyr.a(log_core.c.obj)
                0x00000000000016d4                z_log_msg_commit
 .text.log_source_name_get
                0x000000000000170c       0x1c zephyr/libzephyr.a(log_mgmt.c.obj)
                0x000000000000170c                log_source_name_get
 .text.z_log_msg_runtime_vcreate
                0x0000000000001728       0xac zephyr/libzephyr.a(log_msg.c.obj)
                0x0000000000001728                z_log_msg_runtime_vcreate
 .text.log_msg_get_source_id
                0x00000000000017d4       0x18 zephyr/libzephyr.a(log_msg.c.obj)
                0x00000000000017d4                log_msg_get_source_id
 .text.print_formatted
                0x00000000000017ec       0x24 zephyr/libzephyr.a(log_output.c.obj)
 .text.newline_print
                0x0000000000001810       0x1c zephyr/libzephyr.a(log_output.c.obj)
 .text.log_output_process
                0x000000000000182c      0x2e0 zephyr/libzephyr.a(log_output.c.obj)
                0x000000000000182c                log_output_process
 .text.log_output_timestamp_freq_set
                0x0000000000001b0c       0x2c zephyr/libzephyr.a(log_output.c.obj)
                0x0000000000001b0c                log_output_timestamp_freq_set
 .text.log_backend_rtt_init
                0x0000000000001b38        0xc zephyr/libzephyr.a(log_backend_rtt.c.obj)
 .text.format_set
                0x0000000000001b44        0xc zephyr/libzephyr.a(log_backend_rtt.c.obj)
 .text.process  0x0000000000001b50       0x24 zephyr/libzephyr.a(log_backend_rtt.c.obj)
 .text.panic    0x0000000000001b74       0x34 zephyr/libzephyr.a(log_backend_rtt.c.obj)
 .text.data_out
                0x0000000000001ba8       0x70 zephyr/libzephyr.a(log_backend_rtt.c.obj)
 .text.mem_attr_get_regions
                0x0000000000001c18        0xc zephyr/libzephyr.a(mem_attr.c.obj)
                0x0000000000001c18                mem_attr_get_regions
 .text.pm_device_action_run
                0x0000000000001c24       0xa4 zephyr/libzephyr.a(device.c.obj)
                0x0000000000001c24                pm_device_action_run
 .text.z_log_msg_runtime_create.constprop.0
                0x0000000000001cc8       0x24 zephyr/libzephyr.a(device_runtime.c.obj)
 .text.runtime_suspend.isra.0
                0x0000000000001cec       0xb8 zephyr/libzephyr.a(device_runtime.c.obj)
 .text.pm_device_runtime_get
                0x0000000000001da4      0x188 zephyr/libzephyr.a(device_runtime.c.obj)
                0x0000000000001da4                pm_device_runtime_get
 .text.pm_device_runtime_enable
                0x0000000000001f2c       0xe8 zephyr/libzephyr.a(device_runtime.c.obj)
                0x0000000000001f2c                pm_device_runtime_enable
 .text.boot_banner
                0x0000000000002014       0x1c zephyr/libzephyr.a(banner.c.obj)
                0x0000000000002014                boot_banner
 .text.z_arm_fatal_error
                0x0000000000002030       0xc4 zephyr/arch/arch/arm/core/libarch__arm__core.a(fatal.c.obj)
                0x0000000000002030                z_arm_fatal_error
 .text.z_SysNmiOnReset
                0x00000000000020f4        0x8 zephyr/arch/arch/arm/core/libarch__arm__core.a(nmi_on_reset.S.obj)
                0x00000000000020f4                z_SysNmiOnReset
 .text.arch_tls_stack_setup
                0x00000000000020fc       0x40 zephyr/arch/arch/arm/core/libarch__arm__core.a(tls.c.obj)
                0x00000000000020fc                arch_tls_stack_setup
 .text._HandlerModeExit
                0x000000000000213c       0x20 zephyr/arch/arch/arm/core/cortex_m/libarch__arm__core__cortex_m.a(exc_exit.c.obj)
                0x000000000000213c                z_arm_exc_exit
                0x000000000000213c                z_arm_int_exit
 .text.bus_fault.constprop.0
                0x000000000000215c      0x13c zephyr/arch/arch/arm/core/cortex_m/libarch__arm__core__cortex_m.a(fault.c.obj)
 .text.usage_fault.constprop.0
                0x0000000000002298      0x108 zephyr/arch/arch/arm/core/cortex_m/libarch__arm__core__cortex_m.a(fault.c.obj)
 .text.mem_manage_fault
                0x00000000000023a0      0x164 zephyr/arch/arch/arm/core/cortex_m/libarch__arm__core__cortex_m.a(fault.c.obj)
 .text.z_arm_fault
                0x0000000000002504      0x20c zephyr/arch/arch/arm/core/cortex_m/libarch__arm__core__cortex_m.a(fault.c.obj)
                0x0000000000002504                z_arm_fault
 .text.z_arm_fault_init
                0x0000000000002710       0x18 zephyr/arch/arch/arm/core/cortex_m/libarch__arm__core__cortex_m.a(fault.c.obj)
                0x0000000000002710                z_arm_fault_init
 .text.__fault  0x0000000000002728       0x14 zephyr/arch/arch/arm/core/cortex_m/libarch__arm__core__cortex_m.a(fault_s.S.obj)
                0x0000000000002728                z_arm_bus_fault
                0x0000000000002728                z_arm_usage_fault
                0x0000000000002728                z_arm_mpu_fault
                0x0000000000002728                z_arm_exc_spurious
                0x0000000000002728                z_arm_debug_monitor
                0x0000000000002728                z_arm_hard_fault
 .text._reset_section
                0x000000000000273c       0x54 zephyr/arch/arch/arm/core/cortex_m/libarch__arm__core__cortex_m.a(reset.S.obj)
                0x000000000000273c                z_arm_reset
                0x000000000000273c                __start
 .text.z_arm_clear_arm_mpu_config
                0x0000000000002790       0x24 zephyr/arch/arch/arm/core/cortex_m/libarch__arm__core__cortex_m.a(scb.c.obj)
                0x0000000000002790                z_arm_clear_arm_mpu_config
 .text.z_arm_init_arch_hw_at_boot
                0x00000000000027b4       0x64 zephyr/arch/arch/arm/core/cortex_m/libarch__arm__core__cortex_m.a(scb.c.obj)
                0x00000000000027b4                z_arm_init_arch_hw_at_boot
 .text.z_impl_k_thread_abort
                0x0000000000002818       0x2c zephyr/arch/arch/arm/core/cortex_m/libarch__arm__core__cortex_m.a(thread_abort.c.obj)
                0x0000000000002818                z_impl_k_thread_abort
 .text.z_arm_pendsv
                0x0000000000002844       0x64 zephyr/arch/arch/arm/core/cortex_m/libarch__arm__core__cortex_m.a(swap_helper.S.obj)
                0x0000000000002844                z_arm_pendsv
 .text.z_arm_svc
                0x00000000000028a8       0x24 zephyr/arch/arch/arm/core/cortex_m/libarch__arm__core__cortex_m.a(swap_helper.S.obj)
                0x00000000000028a8                z_arm_svc
 .text.arm_irq_enable
                0x00000000000028cc       0x1c zephyr/arch/arch/arm/core/cortex_m/libarch__arm__core__cortex_m.a(irq_manage.c.obj)
                0x00000000000028cc                arm_irq_enable
 .text.arm_irq_disable
                0x00000000000028e8       0x28 zephyr/arch/arch/arm/core/cortex_m/libarch__arm__core__cortex_m.a(irq_manage.c.obj)
                0x00000000000028e8                arm_irq_disable
 .text.arm_irq_is_enabled
                0x0000000000002910       0x1c zephyr/arch/arch/arm/core/cortex_m/libarch__arm__core__cortex_m.a(irq_manage.c.obj)
                0x0000000000002910                arm_irq_is_enabled
 .text.arm_irq_priority_set
                0x000000000000292c       0x30 zephyr/arch/arch/arm/core/cortex_m/libarch__arm__core__cortex_m.a(irq_manage.c.obj)
                0x000000000000292c                arm_irq_priority_set
 .text.relocate_vector_table
                0x000000000000295c       0x1c zephyr/arch/arch/arm/core/cortex_m/libarch__arm__core__cortex_m.a(prep_c.c.obj)
                0x000000000000295c                relocate_vector_table
 .text.z_prep_c
                0x0000000000002978       0x28 zephyr/arch/arch/arm/core/cortex_m/libarch__arm__core__cortex_m.a(prep_c.c.obj)
                0x0000000000002978                z_prep_c
 .text.arch_new_thread
                0x00000000000029a0       0x38 zephyr/arch/arch/arm/core/cortex_m/libarch__arm__core__cortex_m.a(thread.c.obj)
                0x00000000000029a0                arch_new_thread
 .text.z_check_thread_stack_fail
                0x00000000000029d8       0x2c zephyr/arch/arch/arm/core/cortex_m/libarch__arm__core__cortex_m.a(thread.c.obj)
                0x00000000000029d8                z_check_thread_stack_fail
 .text.arch_switch_to_main_thread
                0x0000000000002a04       0x40 zephyr/arch/arch/arm/core/cortex_m/libarch__arm__core__cortex_m.a(thread.c.obj)
                0x0000000000002a04                arch_switch_to_main_thread
 .text.z_arm_cpu_idle_init
                0x0000000000002a44        0xc zephyr/arch/arch/arm/core/cortex_m/libarch__arm__core__cortex_m.a(cpu_idle.c.obj)
                0x0000000000002a44                z_arm_cpu_idle_init
 .text.z_arm_interrupt_init
                0x0000000000002a50       0x18 zephyr/arch/arch/arm/core/cortex_m/libarch__arm__core__cortex_m.a(irq_init.c.obj)
                0x0000000000002a50                z_arm_interrupt_init
 .text._isr_wrapper
                0x0000000000002a68       0x24 zephyr/arch/arch/arm/core/cortex_m/libarch__arm__core__cortex_m.a(isr_wrapper.c.obj)
                0x0000000000002a68                _isr_wrapper
 .text.z_arm_configure_static_mpu_regions
                0x0000000000002a8c       0x18 zephyr/arch/arch/arm/core/mpu/libarch__arm__core__mpu.a(arm_core_mpu.c.obj)
                0x0000000000002a8c                z_arm_configure_static_mpu_regions
 .text.z_arm_configure_dynamic_mpu_regions
                0x0000000000002aa4       0x20 zephyr/arch/arch/arm/core/mpu/libarch__arm__core__mpu.a(arm_core_mpu.c.obj)
                0x0000000000002aa4                z_arm_configure_dynamic_mpu_regions
 .text.region_allocate_and_init
                0x0000000000002ac4       0x60 zephyr/arch/arch/arm/core/mpu/libarch__arm__core__mpu.a(arm_mpu.c.obj)
 .text.mpu_configure_regions
                0x0000000000002b24       0x74 zephyr/arch/arch/arm/core/mpu/libarch__arm__core__mpu.a(arm_mpu.c.obj)
 .text.arm_core_mpu_enable
                0x0000000000002b98       0x18 zephyr/arch/arch/arm/core/mpu/libarch__arm__core__mpu.a(arm_mpu.c.obj)
                0x0000000000002b98                arm_core_mpu_enable
 .text.arm_core_mpu_disable
                0x0000000000002bb0       0x14 zephyr/arch/arch/arm/core/mpu/libarch__arm__core__mpu.a(arm_mpu.c.obj)
                0x0000000000002bb0                arm_core_mpu_disable
 .text.arm_core_mpu_configure_static_mpu_regions
                0x0000000000002bc4       0x14 zephyr/arch/arch/arm/core/mpu/libarch__arm__core__mpu.a(arm_mpu.c.obj)
                0x0000000000002bc4                arm_core_mpu_configure_static_mpu_regions
 .text.arm_core_mpu_configure_dynamic_mpu_regions
                0x0000000000002bd8       0x38 zephyr/arch/arch/arm/core/mpu/libarch__arm__core__mpu.a(arm_mpu.c.obj)
                0x0000000000002bd8                arm_core_mpu_configure_dynamic_mpu_regions
 .text.z_arm_mpu_init
                0x0000000000002c10      0x17c zephyr/arch/arch/arm/core/mpu/libarch__arm__core__mpu.a(arm_mpu.c.obj)
                0x0000000000002c10                z_arm_mpu_init
 .text.cbvprintf
                0x0000000000002d8c       0x38 zephyr/lib/libc/picolibc/liblib__libc__picolibc.a(cbprintf.c.obj)
                0x0000000000002d8c                cbvprintf
 .text.malloc_prepare
                0x0000000000002dc4       0x24 zephyr/lib/libc/common/liblib__libc__common.a(malloc.c.obj)
 .text.nordicsemi_nrf52_init
                0x0000000000002de8       0x18 zephyr/soc/soc/nrf52832/libsoc__nordic.a(soc.c.obj)
 .text.arch_busy_wait
                0x0000000000002e00       0x14 zephyr/soc/soc/nrf52832/libsoc__nordic.a(soc.c.obj)
                0x0000000000002e00                arch_busy_wait
 .text.onoff_stop
                0x0000000000002e14       0x30 zephyr/drivers/clock_control/libdrivers__clock_control.a(clock_control_nrf.c.obj)
 .text.onoff_start
                0x0000000000002e44       0x44 zephyr/drivers/clock_control/libdrivers__clock_control.a(clock_control_nrf.c.obj)
 .text.clk_init
                0x0000000000002e88       0x58 zephyr/drivers/clock_control/libdrivers__clock_control.a(clock_control_nrf.c.obj)
 .text.api_blocking_start
                0x0000000000002ee0       0x34 zephyr/drivers/clock_control/libdrivers__clock_control.a(clock_control_nrf.c.obj)
 .text.lfclk_start
                0x0000000000002f14       0x24 zephyr/drivers/clock_control/libdrivers__clock_control.a(clock_control_nrf.c.obj)
 .text.generic_hfclk_stop
                0x0000000000002f38       0x34 zephyr/drivers/clock_control/libdrivers__clock_control.a(clock_control_nrf.c.obj)
 .text.clkstarted_handle.constprop.0
                0x0000000000002f6c       0x4c zephyr/drivers/clock_control/libdrivers__clock_control.a(clock_control_nrf.c.obj)
 .text.generic_hfclk_start
                0x0000000000002fb8       0x78 zephyr/drivers/clock_control/libdrivers__clock_control.a(clock_control_nrf.c.obj)
 .text.clock_event_handler
                0x0000000000003030       0x1c zephyr/drivers/clock_control/libdrivers__clock_control.a(clock_control_nrf.c.obj)
 .text.z_nrf_clock_control_lf_on
                0x000000000000304c       0xfc zephyr/drivers/clock_control/libdrivers__clock_control.a(clock_control_nrf.c.obj)
                0x000000000000304c                z_nrf_clock_control_lf_on
 .text.gpio_nrfx_init
                0x0000000000003148       0x58 zephyr/drivers/gpio/libdrivers__gpio.a(gpio_nrfx.c.obj)
 .text.nrfx_gpio_handler
                0x00000000000031a0       0x3c zephyr/drivers/gpio/libdrivers__gpio.a(gpio_nrfx.c.obj)
 .text.gpio_nrfx_pin_configure
                0x00000000000031dc      0x1c8 zephyr/drivers/gpio/libdrivers__gpio.a(gpio_nrfx.c.obj)
 .text.gpio_nrfx_pin_interrupt_configure
                0x00000000000033a4      0x110 zephyr/drivers/gpio/libdrivers__gpio.a(gpio_nrfx.c.obj)
 .text.pinctrl_configure_pins
                0x00000000000034b4      0x110 zephyr/drivers/pinctrl/libdrivers__pinctrl.a(pinctrl_nrf.c.obj)
                0x00000000000034b4                pinctrl_configure_pins
 .text.spi_nrfx_init
                0x00000000000035c4      0x100 zephyr/drivers/spi/libdrivers__spi.a(spi_nrfx_spi.c.obj)
 .text.transfer_next_chunk
                0x00000000000036c4       0x70 zephyr/drivers/spi/libdrivers__spi.a(spi_nrfx_spi.c.obj)
 .text.event_handler
                0x0000000000003734       0xd8 zephyr/drivers/spi/libdrivers__spi.a(spi_nrfx_spi.c.obj)
 .text.spi_nrfx_transceive
                0x000000000000380c      0x408 zephyr/drivers/spi/libdrivers__spi.a(spi_nrfx_spi.c.obj)
 .text.spi_nrfx_wake_init
                0x0000000000003c14       0x60 zephyr/drivers/spi/libdrivers__spi.a(spi_nrfx_common.c.obj)
                0x0000000000003c14                spi_nrfx_wake_init
 .text.spi_nrfx_wake_request
                0x0000000000003c74       0x84 zephyr/drivers/spi/libdrivers__spi.a(spi_nrfx_common.c.obj)
                0x0000000000003c74                spi_nrfx_wake_request
 .text.compare_int_lock
                0x0000000000003cf8       0x48 zephyr/drivers/timer/libdrivers__timer.a(nrf_rtc_timer.c.obj)
 .text.sys_clock_timeout_handler
                0x0000000000003d40       0x48 zephyr/drivers/timer/libdrivers__timer.a(nrf_rtc_timer.c.obj)
 .text.compare_int_unlock
                0x0000000000003d88       0x5c zephyr/drivers/timer/libdrivers__timer.a(nrf_rtc_timer.c.obj)
 .text.z_nrf_rtc_timer_read
                0x0000000000003de4       0x44 zephyr/drivers/timer/libdrivers__timer.a(nrf_rtc_timer.c.obj)
                0x0000000000003de4                z_nrf_rtc_timer_read
 .text.compare_set
                0x0000000000003e28      0x130 zephyr/drivers/timer/libdrivers__timer.a(nrf_rtc_timer.c.obj)
 .text.sys_clock_driver_init
                0x0000000000003f58       0x90 zephyr/drivers/timer/libdrivers__timer.a(nrf_rtc_timer.c.obj)
 .text.rtc_nrf_isr
                0x0000000000003fe8       0xd4 zephyr/drivers/timer/libdrivers__timer.a(nrf_rtc_timer.c.obj)
                0x0000000000003fe8                rtc_nrf_isr
 .text.sys_clock_set_timeout
                0x00000000000040bc       0x5c zephyr/drivers/timer/libdrivers__timer.a(nrf_rtc_timer.c.obj)
                0x00000000000040bc                sys_clock_set_timeout
 .text.sys_clock_elapsed
                0x0000000000004118       0x14 zephyr/drivers/timer/libdrivers__timer.a(nrf_rtc_timer.c.obj)
                0x0000000000004118                sys_clock_elapsed
 .text.nrf52_errata_16
                0x000000000000412c       0x28 modules/hal_nordic/modules/hal_nordic/nrfx/libmodules__hal_nordic__nrfx.a(system_nrf52.c.obj)
 .text.nvmc_wait
                0x0000000000004154       0x10 modules/hal_nordic/modules/hal_nordic/nrfx/libmodules__hal_nordic__nrfx.a(system_nrf52.c.obj)
                0x0000000000004154                nvmc_wait
 .text.SystemInit
                0x0000000000004164      0x278 modules/hal_nordic/modules/hal_nordic/nrfx/libmodules__hal_nordic__nrfx.a(system_nrf52.c.obj)
                0x0000000000004164                SystemInit
 .text.nrfx_flag32_alloc
                0x00000000000043dc       0x48 modules/hal_nordic/modules/hal_nordic/nrfx/libmodules__hal_nordic__nrfx.a(nrfx_flag32_allocator.c.obj)
                0x00000000000043dc                nrfx_flag32_alloc
 .text.nrfx_flag32_free
                0x0000000000004424       0x40 modules/hal_nordic/modules/hal_nordic/nrfx/libmodules__hal_nordic__nrfx.a(nrfx_flag32_allocator.c.obj)
                0x0000000000004424                nrfx_flag32_free
 .text.clock_stop
                0x0000000000004464       0xc4 modules/hal_nordic/modules/hal_nordic/nrfx/libmodules__hal_nordic__nrfx.a(nrfx_clock.c.obj)
 .text.nrfx_clock_init
                0x0000000000004528       0x20 modules/hal_nordic/modules/hal_nordic/nrfx/libmodules__hal_nordic__nrfx.a(nrfx_clock.c.obj)
                0x0000000000004528                nrfx_clock_init
 .text.nrfx_clock_enable
                0x0000000000004548       0x24 modules/hal_nordic/modules/hal_nordic/nrfx/libmodules__hal_nordic__nrfx.a(nrfx_clock.c.obj)
                0x0000000000004548                nrfx_clock_enable
 .text.nrfx_clock_start
                0x000000000000456c       0xec modules/hal_nordic/modules/hal_nordic/nrfx/libmodules__hal_nordic__nrfx.a(nrfx_clock.c.obj)
                0x000000000000456c                nrfx_clock_start
 .text.nrfx_power_clock_irq_handler
                0x0000000000004658       0x7c modules/hal_nordic/modules/hal_nordic/nrfx/libmodules__hal_nordic__nrfx.a(nrfx_clock.c.obj)
                0x0000000000004658                nrfx_power_clock_irq_handler
 .text.call_handler.constprop.0
                0x00000000000046d4       0x3c modules/hal_nordic/modules/hal_nordic/nrfx/libmodules__hal_nordic__nrfx.a(nrfx_gpiote.c.obj)
 .text.release_handler.isra.0
                0x0000000000004710       0x54 modules/hal_nordic/modules/hal_nordic/nrfx/libmodules__hal_nordic__nrfx.a(nrfx_gpiote.c.obj)
 .text.__nrfy_internal_gpiote_events_process.constprop.0
                0x0000000000004764       0x5c modules/hal_nordic/modules/hal_nordic/nrfx/libmodules__hal_nordic__nrfx.a(nrfx_gpiote.c.obj)
 .text.pin_in_event_get.isra.0
                0x00000000000047c0       0x20 modules/hal_nordic/modules/hal_nordic/nrfx/libmodules__hal_nordic__nrfx.a(nrfx_gpiote.c.obj)
 .text.pin_trigger_disable
                0x00000000000047e0       0x40 modules/hal_nordic/modules/hal_nordic/nrfx/libmodules__hal_nordic__nrfx.a(nrfx_gpiote.c.obj)
 .text.pin_uninit
                0x0000000000004820       0x74 modules/hal_nordic/modules/hal_nordic/nrfx/libmodules__hal_nordic__nrfx.a(nrfx_gpiote.c.obj)
 .text.nrfx_gpiote_input_configure
                0x0000000000004894      0x168 modules/hal_nordic/modules/hal_nordic/nrfx/libmodules__hal_nordic__nrfx.a(nrfx_gpiote.c.obj)
                0x0000000000004894                nrfx_gpiote_input_configure
 .text.nrfx_gpiote_output_configure
                0x00000000000049fc       0xec modules/hal_nordic/modules/hal_nordic/nrfx/libmodules__hal_nordic__nrfx.a(nrfx_gpiote.c.obj)
                0x00000000000049fc                nrfx_gpiote_output_configure
 .text.nrfx_gpiote_global_callback_set
                0x0000000000004ae8        0xc modules/hal_nordic/modules/hal_nordic/nrfx/libmodules__hal_nordic__nrfx.a(nrfx_gpiote.c.obj)
                0x0000000000004ae8                nrfx_gpiote_global_callback_set
 .text.nrfx_gpiote_channel_get
                0x0000000000004af4       0x24 modules/hal_nordic/modules/hal_nordic/nrfx/libmodules__hal_nordic__nrfx.a(nrfx_gpiote.c.obj)
                0x0000000000004af4                nrfx_gpiote_channel_get
 .text.nrfx_gpiote_init
                0x0000000000004b18       0x48 modules/hal_nordic/modules/hal_nordic/nrfx/libmodules__hal_nordic__nrfx.a(nrfx_gpiote.c.obj)
                0x0000000000004b18                nrfx_gpiote_init
 .text.nrfx_gpiote_init_check
                0x0000000000004b60       0x14 modules/hal_nordic/modules/hal_nordic/nrfx/libmodules__hal_nordic__nrfx.a(nrfx_gpiote.c.obj)
                0x0000000000004b60                nrfx_gpiote_init_check
 .text.nrfx_gpiote_channel_free
                0x0000000000004b74       0x10 modules/hal_nordic/modules/hal_nordic/nrfx/libmodules__hal_nordic__nrfx.a(nrfx_gpiote.c.obj)
                0x0000000000004b74                nrfx_gpiote_channel_free
 .text.nrfx_gpiote_channel_alloc
                0x0000000000004b84       0x10 modules/hal_nordic/modules/hal_nordic/nrfx/libmodules__hal_nordic__nrfx.a(nrfx_gpiote.c.obj)
                0x0000000000004b84                nrfx_gpiote_channel_alloc
 .text.nrfx_gpiote_trigger_enable
                0x0000000000004b94       0x94 modules/hal_nordic/modules/hal_nordic/nrfx/libmodules__hal_nordic__nrfx.a(nrfx_gpiote.c.obj)
                0x0000000000004b94                nrfx_gpiote_trigger_enable
 .text.nrfx_gpiote_0_irq_handler
                0x0000000000004c28      0x154 modules/hal_nordic/modules/hal_nordic/nrfx/libmodules__hal_nordic__nrfx.a(nrfx_gpiote.c.obj)
                0x0000000000004c28                nrfx_gpiote_0_irq_handler
 .text.nrf_gpio_cfg_output
                0x0000000000004d7c       0x2c modules/hal_nordic/modules/hal_nordic/nrfx/libmodules__hal_nordic__nrfx.a(nrfx_spi.c.obj)
 .text.spi_configure
                0x0000000000004da8      0x120 modules/hal_nordic/modules/hal_nordic/nrfx/libmodules__hal_nordic__nrfx.a(nrfx_spi.c.obj)
 .text.nrf_gpio_cfg_default
                0x0000000000004ec8       0x2c modules/hal_nordic/modules/hal_nordic/nrfx/libmodules__hal_nordic__nrfx.a(nrfx_spi.c.obj)
 .text.nrfx_spi_init
                0x0000000000004ef4       0x68 modules/hal_nordic/modules/hal_nordic/nrfx/libmodules__hal_nordic__nrfx.a(nrfx_spi.c.obj)
                0x0000000000004ef4                nrfx_spi_init
 .text.nrfx_spi_uninit
                0x0000000000004f5c       0x70 modules/hal_nordic/modules/hal_nordic/nrfx/libmodules__hal_nordic__nrfx.a(nrfx_spi.c.obj)
                0x0000000000004f5c                nrfx_spi_uninit
 .text.nrfx_spi_xfer
                0x0000000000004fcc       0xfc modules/hal_nordic/modules/hal_nordic/nrfx/libmodules__hal_nordic__nrfx.a(nrfx_spi.c.obj)
                0x0000000000004fcc                nrfx_spi_xfer
 .text.nrfx_spi_1_irq_handler
                0x00000000000050c8       0x40 modules/hal_nordic/modules/hal_nordic/nrfx/libmodules__hal_nordic__nrfx.a(nrfx_spi.c.obj)
                0x00000000000050c8                nrfx_spi_1_irq_handler
 .text._DoInit  0x0000000000005108       0x60 modules/segger/libmodules__segger.a(SEGGER_RTT.c.obj)
 .text.SEGGER_RTT_WriteSkipNoLock
                0x0000000000005168       0x88 modules/segger/libmodules__segger.a(SEGGER_RTT.c.obj)
                0x0000000000005168                SEGGER_RTT_WriteSkipNoLock
 .text.SEGGER_RTT_HasDataUp
                0x00000000000051f0       0x14 modules/segger/libmodules__segger.a(SEGGER_RTT.c.obj)
                0x00000000000051f0                SEGGER_RTT_HasDataUp
 .text.SEGGER_RTT_Init
                0x0000000000005204       0x2c modules/segger/libmodules__segger.a(SEGGER_RTT.c.obj)
                0x0000000000005204                SEGGER_RTT_Init
 .text.k_sys_fatal_error_handler
                0x0000000000005230       0x2c zephyr/kernel/libkernel.a(fatal.c.obj)
                0x0000000000005230                k_sys_fatal_error_handler
 .text.z_fatal_error
                0x000000000000525c       0xcc zephyr/kernel/libkernel.a(fatal.c.obj)
                0x000000000000525c                z_fatal_error
 .text.z_sys_init_run_level
                0x0000000000005328       0x30 zephyr/kernel/libkernel.a(init.c.obj)
 .text.bg_thread_main
                0x0000000000005358       0xc0 zephyr/kernel/libkernel.a(init.c.obj)
 .text.z_bss_zero
                0x0000000000005418       0x18 zephyr/kernel/libkernel.a(init.c.obj)
                0x0000000000005418                z_bss_zero
 .text.z_init_cpu
                0x0000000000005430       0x70 zephyr/kernel/libkernel.a(init.c.obj)
                0x0000000000005430                z_init_cpu
 .text.z_cstart
                0x00000000000054a0       0xd4 zephyr/kernel/libkernel.a(init.c.obj)
                0x00000000000054a0                z_cstart
 .text.z_impl_k_sem_give
                0x0000000000005574       0x68 zephyr/kernel/libkernel.a(sem.c.obj)
                0x0000000000005574                z_impl_k_sem_give
 .text.z_impl_k_sem_take
                0x00000000000055dc       0x4c zephyr/kernel/libkernel.a(sem.c.obj)
                0x00000000000055dc                z_impl_k_sem_take
 .text.z_impl_k_sem_reset
                0x0000000000005628       0x74 zephyr/kernel/libkernel.a(sem.c.obj)
                0x0000000000005628                z_impl_k_sem_reset
 .text.work_queue_main
                0x000000000000569c      0x14c zephyr/kernel/libkernel.a(work.c.obj)
 .text.submit_to_queue_locked
                0x00000000000057e8       0xb8 zephyr/kernel/libkernel.a(work.c.obj)
 .text.k_work_queue_start
                0x00000000000058a0       0x80 zephyr/kernel/libkernel.a(work.c.obj)
                0x00000000000058a0                k_work_queue_start
 .text.k_work_schedule_for_queue
                0x0000000000005920       0x54 zephyr/kernel/libkernel.a(work.c.obj)
                0x0000000000005920                k_work_schedule_for_queue
 .text.k_work_schedule
                0x0000000000005974        0xc zephyr/kernel/libkernel.a(work.c.obj)
                0x0000000000005974                k_work_schedule
 .text.z_setup_new_thread
                0x0000000000005980       0x9c zephyr/kernel/libkernel.a(thread.c.obj)
                0x0000000000005980                z_setup_new_thread
 .text.z_impl_k_thread_create
                0x0000000000005a1c       0x58 zephyr/kernel/libkernel.a(thread.c.obj)
                0x0000000000005a1c                z_impl_k_thread_create
 .text.z_dummy_thread_init
                0x0000000000005a74       0x18 zephyr/kernel/libkernel.a(thread.c.obj)
                0x0000000000005a74                z_dummy_thread_init
 .text.z_swap_irqlock
                0x0000000000005a8c       0x34 zephyr/kernel/libkernel.a(sched.c.obj)
 .text.ready_thread
                0x0000000000005ac0       0x84 zephyr/kernel/libkernel.a(sched.c.obj)
 .text.unready_thread
                0x0000000000005b44       0x54 zephyr/kernel/libkernel.a(sched.c.obj)
 .text.add_thread_timeout
                0x0000000000005b98       0x1c zephyr/kernel/libkernel.a(sched.c.obj)
 .text.move_thread_to_end_of_prio_q
                0x0000000000005bb4       0x90 zephyr/kernel/libkernel.a(sched.c.obj)
                0x0000000000005bb4                move_thread_to_end_of_prio_q
 .text.z_pend_curr
                0x0000000000005c44       0x44 zephyr/kernel/libkernel.a(sched.c.obj)
                0x0000000000005c44                z_pend_curr
 .text.z_reschedule
                0x0000000000005c88       0x24 zephyr/kernel/libkernel.a(sched.c.obj)
                0x0000000000005c88                z_reschedule
 .text.z_reschedule_irqlock
                0x0000000000005cac       0x28 zephyr/kernel/libkernel.a(sched.c.obj)
                0x0000000000005cac                z_reschedule_irqlock
 .text.k_sched_lock
                0x0000000000005cd4       0x28 zephyr/kernel/libkernel.a(sched.c.obj)
                0x0000000000005cd4                k_sched_lock
 .text.k_sched_unlock
                0x0000000000005cfc       0x68 zephyr/kernel/libkernel.a(sched.c.obj)
                0x0000000000005cfc                k_sched_unlock
 .text.z_sched_init
                0x0000000000005d64       0x10 zephyr/kernel/libkernel.a(sched.c.obj)
                0x0000000000005d64                z_sched_init
 .text.z_impl_k_yield
                0x0000000000005d74       0x88 zephyr/kernel/libkernel.a(sched.c.obj)
                0x0000000000005d74                z_impl_k_yield
 .text.z_tick_sleep
                0x0000000000005dfc       0x78 zephyr/kernel/libkernel.a(sched.c.obj)
 .text.z_impl_k_usleep
                0x0000000000005e74       0x3c zephyr/kernel/libkernel.a(sched.c.obj)
                0x0000000000005e74                z_impl_k_usleep
 .text.z_impl_k_wakeup
                0x0000000000005eb0       0x48 zephyr/kernel/libkernel.a(sched.c.obj)
                0x0000000000005eb0                z_impl_k_wakeup
 .text.z_impl_k_sched_current_thread_query
                0x0000000000005ef8        0xc zephyr/kernel/libkernel.a(sched.c.obj)
                0x0000000000005ef8                z_impl_k_sched_current_thread_query
 .text.z_thread_abort
                0x0000000000005f04      0x138 zephyr/kernel/libkernel.a(sched.c.obj)
                0x0000000000005f04                z_thread_abort
 .text.z_sched_wait
                0x000000000000603c       0x24 zephyr/kernel/libkernel.a(sched.c.obj)
                0x000000000000603c                z_sched_wait
 .text.slice_timeout
                0x0000000000006060       0x20 zephyr/kernel/libkernel.a(timeslicing.c.obj)
 .text.thread_is_sliceable
                0x0000000000006080       0x3c zephyr/kernel/libkernel.a(timeslicing.c.obj)
                0x0000000000006080                thread_is_sliceable
 .text.z_reset_time_slice
                0x00000000000060bc       0x50 zephyr/kernel/libkernel.a(timeslicing.c.obj)
                0x00000000000060bc                z_reset_time_slice
 .text.z_time_slice
                0x000000000000610c       0x60 zephyr/kernel/libkernel.a(timeslicing.c.obj)
                0x000000000000610c                z_time_slice
 .text.z_data_copy
                0x000000000000616c       0x38 zephyr/kernel/libkernel.a(xip.c.obj)
                0x000000000000616c                z_data_copy
 .text.first    0x00000000000061a4       0x10 zephyr/kernel/libkernel.a(timeout.c.obj)
 .text.elapsed  0x00000000000061b4       0x14 zephyr/kernel/libkernel.a(timeout.c.obj)
 .text.remove_timeout
                0x00000000000061c8       0x38 zephyr/kernel/libkernel.a(timeout.c.obj)
 .text.z_add_timeout
                0x0000000000006200      0x124 zephyr/kernel/libkernel.a(timeout.c.obj)
                0x0000000000006200                z_add_timeout
 .text.sys_clock_announce
                0x0000000000006324       0xc0 zephyr/kernel/libkernel.a(timeout.c.obj)
                0x0000000000006324                sys_clock_announce
 .text.sys_clock_tick_get
                0x00000000000063e4       0x30 zephyr/kernel/libkernel.a(timeout.c.obj)
                0x00000000000063e4                sys_clock_tick_get
 .text.k_event_post_internal
                0x0000000000006414       0x5c zephyr/kernel/libkernel.a(events.c.obj)
 .text.k_sys_work_q_init
                0x0000000000006470       0x2c zephyr/kernel/libkernel.a(system_work_q.c.obj)
 .text.__l_vfprintf
                0x000000000000649c      0x4b8 /home/nrg-gluon/ncs/toolchains/b2ecd2435d/opt/zephyr-sdk/arm-zephyr-eabi/bin/../lib/gcc/../../picolibc/arm-zephyr-eabi/lib/thumb/v7e-m/nofp/libc.a(libc_tinystdio_vflprintf.c.o)
                0x000000000000649c                __l_vfprintf
 .text._OffsetAbsSyms
                0x0000000000006954        0x2 zephyr/CMakeFiles/offsets.dir/./arch/arm/core/offsets/offsets.c.obj
                0x0000000000006954                _OffsetAbsSyms
 .text.z_log_msg_runtime_create.constprop.0
                0x0000000000006956       0x1e app/libapp.a(main.c.obj)
 .text.bma400_delay_us
                0x0000000000006974        0x4 app/libapp.a(main.c.obj)
                0x0000000000006974                bma400_delay_us
 .text.null_ptr_check
                0x0000000000006978       0x1c app/libapp.a(bma400.c.obj)
 .text.bma400_set_regs
                0x0000000000006994       0x62 app/libapp.a(bma400.c.obj)
                0x0000000000006994                bma400_set_regs
 .text.bma400_get_regs
                0x00000000000069f6       0x60 app/libapp.a(bma400.c.obj)
                0x00000000000069f6                bma400_get_regs
 .text.bma400_init
                0x0000000000006a56       0x5e app/libapp.a(bma400.c.obj)
                0x0000000000006a56                bma400_init
 .text.bma400_set_power_mode
                0x0000000000006ab4       0x62 app/libapp.a(bma400.c.obj)
                0x0000000000006ab4                bma400_set_power_mode
 .text.bma400_get_accel_data
                0x0000000000006b16       0xc0 app/libapp.a(bma400.c.obj)
                0x0000000000006b16                bma400_get_accel_data
 .text.bma400_enable_interrupt
                0x0000000000006bd6      0x15c app/libapp.a(bma400.c.obj)
                0x0000000000006bd6                bma400_enable_interrupt
 .text.chunk_field
                0x0000000000006d32       0x16 zephyr/libzephyr.a(heap.c.obj)
 .text.chunk_set
                0x0000000000006d48       0x16 zephyr/libzephyr.a(heap.c.obj)
 .text.chunk_size
                0x0000000000006d5e        0xc zephyr/libzephyr.a(heap.c.obj)
 .text.set_chunk_used
                0x0000000000006d6a       0x30 zephyr/libzephyr.a(heap.c.obj)
 .text.set_chunk_size
                0x0000000000006d9a        0x8 zephyr/libzephyr.a(heap.c.obj)
 .text.bucket_idx.isra.0
                0x0000000000006da2       0x1c zephyr/libzephyr.a(heap.c.obj)
 .text.free_list_add
                0x0000000000006dbe       0x84 zephyr/libzephyr.a(heap.c.obj)
 .text.sys_heap_init
                0x0000000000006e42       0xb0 zephyr/libzephyr.a(heap.c.obj)
                0x0000000000006e42                sys_heap_init
 .text.cbpprintf_external
                0x0000000000006ef2       0x62 zephyr/libzephyr.a(cbprintf_packaged.c.obj)
                0x0000000000006ef2                cbpprintf_external
 .text.printk   0x0000000000006f54       0x1a zephyr/libzephyr.a(printk.c.obj)
                0x0000000000006f54                printk
 .text.process_recheck
                0x0000000000006f6e       0x38 zephyr/libzephyr.a(onoff.c.obj)
 .text.validate_args
                0x0000000000006fa6       0x20 zephyr/libzephyr.a(onoff.c.obj)
 .text.notify_one
                0x0000000000006fc6       0x2c zephyr/libzephyr.a(onoff.c.obj)
 .text.transition_complete
                0x0000000000006ff2       0x1a zephyr/libzephyr.a(onoff.c.obj)
 .text.onoff_manager_init
                0x000000000000700c       0x26 zephyr/libzephyr.a(onoff.c.obj)
                0x000000000000700c                onoff_manager_init
 .text.onoff_request
                0x0000000000007032       0xae zephyr/libzephyr.a(onoff.c.obj)
                0x0000000000007032                onoff_request
 .text.sys_notify_validate
                0x00000000000070e0       0x22 zephyr/libzephyr.a(notify.c.obj)
                0x00000000000070e0                sys_notify_validate
 .text.sys_notify_finalize
                0x0000000000007102       0x1a zephyr/libzephyr.a(notify.c.obj)
                0x0000000000007102                sys_notify_finalize
 .text._ConfigAbsSyms
                0x000000000000711c        0x2 zephyr/libzephyr.a(configs.c.obj)
                0x000000000000711c                _ConfigAbsSyms
 .text.dummy_timestamp
                0x000000000000711e        0x4 zephyr/libzephyr.a(log_core.c.obj)
 .text.default_get_timestamp
                0x0000000000007122        0x4 zephyr/libzephyr.a(log_core.c.obj)
 .text.atomic_inc
                0x0000000000007126       0x1a zephyr/libzephyr.a(log_core.c.obj)
 .text.enable_logger
                0x0000000000007140        0xe zephyr/libzephyr.a(log_core.c.obj)
 .text.z_log_vprintk
                0x000000000000714e       0x1c zephyr/libzephyr.a(log_core.c.obj)
                0x000000000000714e                z_log_vprintk
 .text.z_log_notify_backend_enabled
                0x000000000000716a        0x2 zephyr/libzephyr.a(log_core.c.obj)
                0x000000000000716a                z_log_notify_backend_enabled
 .text.z_log_get_tag
                0x000000000000716c        0x4 zephyr/libzephyr.a(log_core.c.obj)
                0x000000000000716c                z_log_get_tag
 .text.log_backend_enable
                0x0000000000007170       0x12 zephyr/libzephyr.a(log_mgmt.c.obj)
                0x0000000000007170                log_backend_enable
 .text.z_log_msg_finalize
                0x0000000000007182       0x32 zephyr/libzephyr.a(log_msg.c.obj)
                0x0000000000007182                z_log_msg_finalize
 .text.z_log_msg_runtime_create.constprop.0
                0x00000000000071b4       0x20 zephyr/libzephyr.a(log_msg.c.obj)
 .text.log_output_write
                0x00000000000071d4       0x1c zephyr/libzephyr.a(log_output.c.obj)
 .text.out_func
                0x00000000000071f0       0x1c zephyr/libzephyr.a(log_output.c.obj)
 .text.cr_out_func
                0x000000000000720c       0x1c zephyr/libzephyr.a(log_output.c.obj)
 .text.log_output_msg_process
                0x0000000000007228       0x6a zephyr/libzephyr.a(log_output.c.obj)
                0x0000000000007228                log_output_msg_process
 .text.pm_device_is_busy
                0x0000000000007292       0x14 zephyr/libzephyr.a(device.c.obj)
                0x0000000000007292                pm_device_is_busy
 .text.pm_device_is_powered
                0x00000000000072a6       0x18 zephyr/libzephyr.a(device.c.obj)
                0x00000000000072a6                pm_device_is_powered
 .text.pm_device_driver_init
                0x00000000000072be       0x58 zephyr/libzephyr.a(device.c.obj)
                0x00000000000072be                pm_device_driver_init
 .text.put_sync_locked
                0x0000000000007316       0x3e zephyr/libzephyr.a(device_runtime.c.obj)
 .text.atomic_test_bit
                0x0000000000007354       0x12 zephyr/libzephyr.a(device_runtime.c.obj)
 .text.k_sem_take
                0x0000000000007366        0x4 zephyr/libzephyr.a(device_runtime.c.obj)
 .text.k_sem_give
                0x000000000000736a        0x4 zephyr/libzephyr.a(device_runtime.c.obj)
 .text.pm_device_runtime_put
                0x000000000000736e       0x5a zephyr/libzephyr.a(device_runtime.c.obj)
                0x000000000000736e                pm_device_runtime_put
 .text.runtime_suspend_work
                0x00000000000073c8       0x6c zephyr/libzephyr.a(device_runtime.c.obj)
 .text.pm_device_runtime_auto_enable
                0x0000000000007434       0x1e zephyr/libzephyr.a(device_runtime.c.obj)
                0x0000000000007434                pm_device_runtime_auto_enable
 .text.z_log_msg_runtime_create.constprop.0
                0x0000000000007452       0x20 zephyr/arch/arch/arm/core/libarch__arm__core.a(fatal.c.obj)
 .text.z_do_kernel_oops
                0x0000000000007472        0x8 zephyr/arch/arch/arm/core/libarch__arm__core.a(fatal.c.obj)
                0x0000000000007472                z_do_kernel_oops
 .text.z_arm_nmi
                0x000000000000747a        0xe zephyr/arch/arch/arm/core/libarch__arm__core.a(nmi.c.obj)
                0x000000000000747a                z_arm_nmi
 .text.z_log_msg_runtime_create.constprop.0
                0x0000000000007488       0x20 zephyr/arch/arch/arm/core/cortex_m/libarch__arm__core__cortex_m.a(fault.c.obj)
 .text.z_irq_spurious
                0x00000000000074a8        0x8 zephyr/arch/arch/arm/core/cortex_m/libarch__arm__core__cortex_m.a(irq_manage.c.obj)
                0x00000000000074a8                z_irq_spurious
 .text.arch_irq_unlock_outlined
                0x00000000000074b0        0xe zephyr/arch/arch/arm/core/cortex_m/libarch__arm__core__cortex_m.a(thread.c.obj)
                0x00000000000074b0                arch_irq_unlock_outlined
 .text.arch_cpu_idle
                0x00000000000074be       0x1a zephyr/arch/arch/arm/core/cortex_m/libarch__arm__core__cortex_m.a(cpu_idle.c.obj)
                0x00000000000074be                arch_cpu_idle
 .text.arch_cpu_atomic_idle
                0x00000000000074d8       0x1e zephyr/arch/arch/arm/core/cortex_m/libarch__arm__core__cortex_m.a(cpu_idle.c.obj)
                0x00000000000074d8                arch_cpu_atomic_idle
 .text.size_to_mpu_rasr_size
                0x00000000000074f6       0x20 zephyr/arch/arch/arm/core/mpu/libarch__arm__core__mpu.a(arm_mpu.c.obj)
 .text.z_log_msg_runtime_create.constprop.0
                0x0000000000007516       0x20 zephyr/arch/arch/arm/core/mpu/libarch__arm__core__mpu.a(arm_mpu.c.obj)
 .text.cbputc   0x0000000000007536        0xc zephyr/lib/libc/picolibc/liblib__libc__picolibc.a(cbprintf.c.obj)
 .text.get_status
                0x0000000000007542       0x12 zephyr/drivers/clock_control/libdrivers__clock_control.a(clock_control_nrf.c.obj)
 .text.stop     0x0000000000007554       0x50 zephyr/drivers/clock_control/libdrivers__clock_control.a(clock_control_nrf.c.obj)
 .text.api_stop
                0x00000000000075a4        0x6 zephyr/drivers/clock_control/libdrivers__clock_control.a(clock_control_nrf.c.obj)
 .text.async_start
                0x00000000000075aa       0x5a zephyr/drivers/clock_control/libdrivers__clock_control.a(clock_control_nrf.c.obj)
 .text.api_start
                0x0000000000007604        0xe zephyr/drivers/clock_control/libdrivers__clock_control.a(clock_control_nrf.c.obj)
 .text.onoff_started_callback
                0x0000000000007612       0x12 zephyr/drivers/clock_control/libdrivers__clock_control.a(clock_control_nrf.c.obj)
 .text.lfclk_stop
                0x0000000000007624        0x6 zephyr/drivers/clock_control/libdrivers__clock_control.a(clock_control_nrf.c.obj)
 .text.blocking_start_callback
                0x000000000000762a        0x6 zephyr/drivers/clock_control/libdrivers__clock_control.a(clock_control_nrf.c.obj)
 .text.gpio_nrfx_port_get_raw
                0x0000000000007630        0xe zephyr/drivers/gpio/libdrivers__gpio.a(gpio_nrfx.c.obj)
 .text.gpio_nrfx_manage_callback
                0x000000000000763e       0x52 zephyr/drivers/gpio/libdrivers__gpio.a(gpio_nrfx.c.obj)
 .text.gpio_nrfx_pm_hook
                0x0000000000007690        0xc zephyr/drivers/gpio/libdrivers__gpio.a(gpio_nrfx.c.obj)
 .text.gpio_nrfx_port_toggle_bits
                0x000000000000769c       0x30 zephyr/drivers/gpio/libdrivers__gpio.a(gpio_nrfx.c.obj)
 .text.gpio_nrfx_port_clear_bits_raw
                0x00000000000076cc       0x22 zephyr/drivers/gpio/libdrivers__gpio.a(gpio_nrfx.c.obj)
 .text.gpio_nrfx_port_set_bits_raw
                0x00000000000076ee       0x22 zephyr/drivers/gpio/libdrivers__gpio.a(gpio_nrfx.c.obj)
 .text.gpio_nrfx_port_set_masked_raw
                0x0000000000007710       0x2e zephyr/drivers/gpio/libdrivers__gpio.a(gpio_nrfx.c.obj)
 .text.pinctrl_lookup_state
                0x000000000000773e       0x26 zephyr/drivers/pinctrl/libdrivers__pinctrl.a(common.c.obj)
                0x000000000000773e                pinctrl_lookup_state
 .text.irq_connect1
                0x0000000000007764        0xa zephyr/drivers/spi/libdrivers__spi.a(spi_nrfx_spi.c.obj)
 .text.spi_context_get_next_buf.constprop.0
                0x000000000000776e       0x26 zephyr/drivers/spi/libdrivers__spi.a(spi_nrfx_spi.c.obj)
 .text.z_log_msg_runtime_create.constprop.0
                0x0000000000007794       0x1e zephyr/drivers/spi/libdrivers__spi.a(spi_nrfx_spi.c.obj)
 .text.pinctrl_apply_state
                0x00000000000077b2       0x1e zephyr/drivers/spi/libdrivers__spi.a(spi_nrfx_spi.c.obj)
 .text.spi_nrfx_pm_action
                0x00000000000077d0       0x34 zephyr/drivers/spi/libdrivers__spi.a(spi_nrfx_spi.c.obj)
 .text.gpio_pin_set_dt.isra.0
                0x0000000000007804       0x28 zephyr/drivers/spi/libdrivers__spi.a(spi_nrfx_spi.c.obj)
 .text.spi_context_unlock_unconditionally
                0x000000000000782c       0x30 zephyr/drivers/spi/libdrivers__spi.a(spi_nrfx_spi.c.obj)
 .text.spi_nrfx_release
                0x000000000000785c       0x24 zephyr/drivers/spi/libdrivers__spi.a(spi_nrfx_spi.c.obj)
 .text.event_clear
                0x0000000000007880       0x18 zephyr/drivers/timer/libdrivers__timer.a(nrf_rtc_timer.c.obj)
 .text.sys_clock_cycle_get_32
                0x0000000000007898        0x8 zephyr/drivers/timer/libdrivers__timer.a(nrf_rtc_timer.c.obj)
                0x0000000000007898                sys_clock_cycle_get_32
 .text.nrf52_errata_12
                0x00000000000078a0       0x1c modules/hal_nordic/modules/hal_nordic/nrfx/libmodules__hal_nordic__nrfx.a(system_nrf52.c.obj)
 .text.nrfx_isr
                0x00000000000078bc        0x2 modules/hal_nordic/modules/hal_nordic/nrfx/libmodules__hal_nordic__nrfx.a(nrfx_glue.c.obj)
                0x00000000000078bc                nrfx_isr
 .text.nrfx_busy_wait
                0x00000000000078be        0x4 modules/hal_nordic/modules/hal_nordic/nrfx/libmodules__hal_nordic__nrfx.a(nrfx_glue.c.obj)
                0x00000000000078be                nrfx_busy_wait
 .text.nrfx_clock_stop
                0x00000000000078c2        0x4 modules/hal_nordic/modules/hal_nordic/nrfx/libmodules__hal_nordic__nrfx.a(nrfx_clock.c.obj)
                0x00000000000078c2                nrfx_clock_stop
 .text.nrf_gpio_pin_port_decode
                0x00000000000078c6       0x14 modules/hal_nordic/modules/hal_nordic/nrfx/libmodules__hal_nordic__nrfx.a(nrfx_gpiote.c.obj)
 .text.nrf_gpio_reconfigure
                0x00000000000078da       0x92 modules/hal_nordic/modules/hal_nordic/nrfx/libmodules__hal_nordic__nrfx.a(nrfx_gpiote.c.obj)
 .text.nrf_gpio_cfg_sense_set
                0x000000000000796c       0x1e modules/hal_nordic/modules/hal_nordic/nrfx/libmodules__hal_nordic__nrfx.a(nrfx_gpiote.c.obj)
 .text.latch_pending_read_and_check
                0x000000000000798a       0x1c modules/hal_nordic/modules/hal_nordic/nrfx/libmodules__hal_nordic__nrfx.a(nrfx_gpiote.c.obj)
 .text.nrfx_gpiote_pin_uninit
                0x00000000000079a6        0x4 modules/hal_nordic/modules/hal_nordic/nrfx/libmodules__hal_nordic__nrfx.a(nrfx_gpiote.c.obj)
                0x00000000000079a6                nrfx_gpiote_pin_uninit
 .text.nrfx_gpiote_trigger_disable
                0x00000000000079aa        0x4 modules/hal_nordic/modules/hal_nordic/nrfx/libmodules__hal_nordic__nrfx.a(nrfx_gpiote.c.obj)
                0x00000000000079aa                nrfx_gpiote_trigger_disable
 .text.nrfx_gpiote_in_event_get
                0x00000000000079ae        0x6 modules/hal_nordic/modules/hal_nordic/nrfx/libmodules__hal_nordic__nrfx.a(nrfx_gpiote.c.obj)
                0x00000000000079ae                nrfx_gpiote_in_event_get
 .text.nrf_gpio_pin_port_decode
                0x00000000000079b4       0x14 modules/hal_nordic/modules/hal_nordic/nrfx/libmodules__hal_nordic__nrfx.a(nrfx_spi.c.obj)
 .text.nrf_gpio_pin_set
                0x00000000000079c8       0x1a modules/hal_nordic/modules/hal_nordic/nrfx/libmodules__hal_nordic__nrfx.a(nrfx_spi.c.obj)
 .text.nrf_gpio_pin_clear
                0x00000000000079e2       0x1a modules/hal_nordic/modules/hal_nordic/nrfx/libmodules__hal_nordic__nrfx.a(nrfx_spi.c.obj)
 .text.transfer_byte
                0x00000000000079fc       0x66 modules/hal_nordic/modules/hal_nordic/nrfx/libmodules__hal_nordic__nrfx.a(nrfx_spi.c.obj)
 .text.rtt_init
                0x0000000000007a62        0xa modules/segger/libmodules__segger.a(SEGGER_RTT_zephyr.c.obj)
 .text.z_impl_k_busy_wait
                0x0000000000007a6c        0x8 zephyr/kernel/libkernel.a(busy_wait.c.obj)
                0x0000000000007a6c                z_impl_k_busy_wait
 .text.z_device_state_init
                0x0000000000007a74        0x2 zephyr/kernel/libkernel.a(device.c.obj)
                0x0000000000007a74                z_device_state_init
 .text.z_impl_device_is_ready
                0x0000000000007a76       0x16 zephyr/kernel/libkernel.a(device.c.obj)
                0x0000000000007a76                z_impl_device_is_ready
 .text.z_log_msg_runtime_create.constprop.0
                0x0000000000007a8c       0x20 zephyr/kernel/libkernel.a(fatal.c.obj)
 .text.arch_system_halt
                0x0000000000007aac       0x10 zephyr/kernel/libkernel.a(fatal.c.obj)
                0x0000000000007aac                arch_system_halt
 .text.do_device_init
                0x0000000000007abc       0x46 zephyr/kernel/libkernel.a(init.c.obj)
 .text.z_early_memset
                0x0000000000007b02        0x4 zephyr/kernel/libkernel.a(init.c.obj)
                0x0000000000007b02                z_early_memset
 .text.z_early_memcpy
                0x0000000000007b06        0x4 zephyr/kernel/libkernel.a(init.c.obj)
                0x0000000000007b06                z_early_memcpy
 .text.idle     0x0000000000007b0a       0x16 zephyr/kernel/libkernel.a(idle.c.obj)
                0x0000000000007b0a                idle
 .text.flag_test_and_clear
                0x0000000000007b20       0x16 zephyr/kernel/libkernel.a(work.c.obj)
 .text.unschedule_locked
                0x0000000000007b36       0x1e zephyr/kernel/libkernel.a(work.c.obj)
 .text.notify_queue_locked.isra.0
                0x0000000000007b54        0xe zephyr/kernel/libkernel.a(work.c.obj)
 .text.cancel_async_locked
                0x0000000000007b62       0x66 zephyr/kernel/libkernel.a(work.c.obj)
 .text.work_timeout
                0x0000000000007bc8       0x3c zephyr/kernel/libkernel.a(work.c.obj)
 .text.k_work_init_delayable
                0x0000000000007c04       0x18 zephyr/kernel/libkernel.a(work.c.obj)
                0x0000000000007c04                k_work_init_delayable
 .text.k_work_cancel_delayable
                0x0000000000007c1c       0x26 zephyr/kernel/libkernel.a(work.c.obj)
                0x0000000000007c1c                k_work_cancel_delayable
 .text.k_is_in_isr
                0x0000000000007c42        0xc zephyr/kernel/libkernel.a(thread.c.obj)
                0x0000000000007c42                k_is_in_isr
 .text.z_impl_k_thread_name_set
                0x0000000000007c4e        0x6 zephyr/kernel/libkernel.a(thread.c.obj)
                0x0000000000007c4e                z_impl_k_thread_name_set
 .text.k_thread_name_get
                0x0000000000007c54        0x4 zephyr/kernel/libkernel.a(thread.c.obj)
                0x0000000000007c54                k_thread_name_get
 .text.sys_dlist_remove
                0x0000000000007c58       0x10 zephyr/kernel/libkernel.a(sched.c.obj)
 .text.unpend_thread_no_timeout
                0x0000000000007c68       0x14 zephyr/kernel/libkernel.a(sched.c.obj)
 .text.add_to_waitq_locked
                0x0000000000007c7c       0x50 zephyr/kernel/libkernel.a(sched.c.obj)
 .text.z_ready_thread
                0x0000000000007ccc       0x1e zephyr/kernel/libkernel.a(sched.c.obj)
                0x0000000000007ccc                z_ready_thread
 .text.z_sched_wake_thread
                0x0000000000007cea       0x46 zephyr/kernel/libkernel.a(sched.c.obj)
                0x0000000000007cea                z_sched_wake_thread
 .text.z_thread_timeout
                0x0000000000007d30        0x8 zephyr/kernel/libkernel.a(sched.c.obj)
                0x0000000000007d30                z_thread_timeout
 .text.z_impl_k_sleep
                0x0000000000007d38       0x4e zephyr/kernel/libkernel.a(sched.c.obj)
                0x0000000000007d38                z_impl_k_sleep
 .text.z_sched_wake
                0x0000000000007d86       0x46 zephyr/kernel/libkernel.a(sched.c.obj)
                0x0000000000007d86                z_sched_wake
 .text.z_sched_waitq_walk
                0x0000000000007dcc       0x44 zephyr/kernel/libkernel.a(sched.c.obj)
                0x0000000000007dcc                z_sched_waitq_walk
 .text.next_timeout
                0x0000000000007e10       0x2e zephyr/kernel/libkernel.a(timeout.c.obj)
 .text.z_abort_timeout
                0x0000000000007e3e       0x50 zephyr/kernel/libkernel.a(timeout.c.obj)
                0x0000000000007e3e                z_abort_timeout
 .text.sys_clock_tick_get_32
                0x0000000000007e8e        0x8 zephyr/kernel/libkernel.a(timeout.c.obj)
                0x0000000000007e8e                sys_clock_tick_get_32
 .text.k_event_wait_internal
                0x0000000000007e96       0x82 zephyr/kernel/libkernel.a(events.c.obj)
 .text.event_walk_op
                0x0000000000007f18       0x30 zephyr/kernel/libkernel.a(events.c.obj)
 .text.z_impl_k_event_set
                0x0000000000007f48        0x8 zephyr/kernel/libkernel.a(events.c.obj)
                0x0000000000007f48                z_impl_k_event_set
 .text.z_impl_k_event_clear
                0x0000000000007f50        0x8 zephyr/kernel/libkernel.a(events.c.obj)
                0x0000000000007f50                z_impl_k_event_clear
 .text.z_impl_k_event_wait
                0x0000000000007f58        0x6 zephyr/kernel/libkernel.a(events.c.obj)
                0x0000000000007f58                z_impl_k_event_wait
 .text.memcpy   0x0000000000007f5e       0x1c /home/nrg-gluon/ncs/toolchains/b2ecd2435d/opt/zephyr-sdk/arm-zephyr-eabi/bin/../lib/gcc/../../picolibc/arm-zephyr-eabi/lib/thumb/v7e-m/nofp/libc.a(memcpy.c.o)
                0x0000000000007f5e                memcpy
                0x0000000000007f5e                __aeabi_memcpy
                0x0000000000007f5e                __aeabi_memcpy4
                0x0000000000007f5e                __aeabi_memcpy8
 .text.memset   0x0000000000007f7a       0x10 /home/nrg-gluon/ncs/toolchains/b2ecd2435d/opt/zephyr-sdk/arm-zephyr-eabi/bin/../lib/gcc/../../picolibc/arm-zephyr-eabi/lib/thumb/v7e-m/nofp/libc.a(memset.c.o)
                0x0000000000007f7a                memset
 .text.strnlen  0x0000000000007f8a       0x18 /home/nrg-gluon/ncs/toolchains/b2ecd2435d/opt/zephyr-sdk/arm-zephyr-eabi/bin/../lib/gcc/../../picolibc/arm-zephyr-eabi/lib/thumb/v7e-m/nofp/libc.a(libc_string_strnlen.c.o)
                0x0000000000007f8a                strnlen
 .text.__ultoa_invert
                0x0000000000007fa2       0xae /home/nrg-gluon/ncs/toolchains/b2ecd2435d/opt/zephyr-sdk/arm-zephyr-eabi/bin/../lib/gcc/../../picolibc/arm-zephyr-eabi/lib/thumb/v7e-m/nofp/libc.a(libc_tinystdio_vflprintf.c.o)
 *(SORT_BY_ALIGNMENT(.TEXT.*))
 .TEXT.__aeabi_read_tp
                0x0000000000008050        0xc zephyr/arch/arch/arm/core/cortex_m/libarch__arm__core__cortex_m.a(__aeabi_read_tp.S.obj)
                0x0000000000008050                __aeabi_read_tp
 *(SORT_BY_ALIGNMENT(.gnu.linkonce.t.*))
 *(SORT_BY_ALIGNMENT(.glue_7t))
 .glue_7t       0x000000000000805c        0x0 linker stubs
 *(SORT_BY_ALIGNMENT(.glue_7))
 .glue_7        0x000000000000805c        0x0 linker stubs
 *(SORT_BY_ALIGNMENT(.vfp11_veneer))
 .vfp11_veneer  0x000000000000805c        0x0 linker stubs
 *(SORT_BY_ALIGNMENT(.v4_bx))
 .v4_bx         0x000000000000805c        0x0 linker stubs
                0x000000000000805c                . = ALIGN (0x4)
                0x000000000000805c                __text_region_end = .

.ARM.exidx      0x000000000000805c        0x8
                0x000000000000805c                __exidx_start = .
 *(SORT_BY_ALIGNMENT(.ARM.exidx*) SORT_BY_ALIGNMENT(gnu.linkonce.armexidx.*))
 .ARM.exidx     0x000000000000805c        0x8 /home/nrg-gluon/ncs/toolchains/b2ecd2435d/opt/zephyr-sdk/arm-zephyr-eabi/bin/../lib/gcc/../../picolibc/arm-zephyr-eabi/lib/thumb/v7e-m/nofp/libc.a(strlen.S.o)
 .ARM.exidx     0x0000000000008064        0x0 /home/nrg-gluon/ncs/toolchains/b2ecd2435d/opt/zephyr-sdk/arm-zephyr-eabi/bin/../lib/gcc/arm-zephyr-eabi/12.2.0/thumb/v7e-m/nofp/libgcc.a(_udivmoddi4.o)
                                          0x8 (size before relaxing)
                0x0000000000008064                __exidx_end = .
                0x0000000000008064                __rodata_region_start = .

initlevel       0x0000000000008064       0x48
                0x0000000000008064                __init_start = .
                0x0000000000008064                __init_EARLY_start = .
 *(SORT_BY_NAME(SORT_BY_ALIGNMENT(.z_init_EARLY_P_?_*)))
 *(SORT_BY_NAME(SORT_BY_ALIGNMENT(.z_init_EARLY_P_??_*)))
 *(SORT_BY_NAME(SORT_BY_ALIGNMENT(.z_init_EARLY_P_???_*)))
                0x0000000000008064                __init_PRE_KERNEL_1_start = .
 *(SORT_BY_NAME(SORT_BY_ALIGNMENT(.z_init_PRE_KERNEL_1_P_?_*)))
 .z_init_PRE_KERNEL_1_P_0_SUB_0_
                0x0000000000008064        0x8 zephyr/soc/soc/nrf52832/libsoc__nordic.a(soc.c.obj)
 *(SORT_BY_NAME(SORT_BY_ALIGNMENT(.z_init_PRE_KERNEL_1_P_??_*)))
 .z_init_PRE_KERNEL_1_P_30_SUB_00064_
                0x000000000000806c        0x8 zephyr/drivers/clock_control/libdrivers__clock_control.a(clock_control_nrf.c.obj)
 .z_init_PRE_KERNEL_1_P_30_SUB_0_
                0x0000000000008074        0x8 modules/segger/libmodules__segger.a(SEGGER_RTT_zephyr.c.obj)
 .z_init_PRE_KERNEL_1_P_40_SUB_00011_
                0x000000000000807c        0x8 zephyr/drivers/gpio/libdrivers__gpio.a(gpio_nrfx.c.obj)
 *(SORT_BY_NAME(SORT_BY_ALIGNMENT(.z_init_PRE_KERNEL_1_P_???_*)))
                0x0000000000008084                __init_PRE_KERNEL_2_start = .
 *(SORT_BY_NAME(SORT_BY_ALIGNMENT(.z_init_PRE_KERNEL_2_P_?_*)))
 .z_init_PRE_KERNEL_2_P_0_SUB_0_
                0x0000000000008084        0x8 zephyr/drivers/timer/libdrivers__timer.a(nrf_rtc_timer.c.obj)
 *(SORT_BY_NAME(SORT_BY_ALIGNMENT(.z_init_PRE_KERNEL_2_P_??_*)))
 *(SORT_BY_NAME(SORT_BY_ALIGNMENT(.z_init_PRE_KERNEL_2_P_???_*)))
                0x000000000000808c                __init_POST_KERNEL_start = .
 *(SORT_BY_NAME(SORT_BY_ALIGNMENT(.z_init_POST_KERNEL_P_?_*)))
 .z_init_POST_KERNEL_P_0_SUB_0_
                0x000000000000808c        0x8 zephyr/libzephyr.a(log_core.c.obj)
 *(SORT_BY_NAME(SORT_BY_ALIGNMENT(.z_init_POST_KERNEL_P_??_*)))
 .z_init_POST_KERNEL_P_35_SUB_0_
                0x0000000000008094        0x8 zephyr/lib/libc/common/liblib__libc__common.a(malloc.c.obj)
 .z_init_POST_KERNEL_P_40_SUB_0_
                0x000000000000809c        0x8 zephyr/kernel/libkernel.a(system_work_q.c.obj)
 .z_init_POST_KERNEL_P_50_SUB_00114_
                0x00000000000080a4        0x8 zephyr/drivers/spi/libdrivers__spi.a(spi_nrfx_spi.c.obj)
 *(SORT_BY_NAME(SORT_BY_ALIGNMENT(.z_init_POST_KERNEL_P_???_*)))
                0x00000000000080ac                __init_APPLICATION_start = .
 *(SORT_BY_NAME(SORT_BY_ALIGNMENT(.z_init_APPLICATION_P_?_*)))
 *(SORT_BY_NAME(SORT_BY_ALIGNMENT(.z_init_APPLICATION_P_??_*)))
 *(SORT_BY_NAME(SORT_BY_ALIGNMENT(.z_init_APPLICATION_P_???_*)))
                0x00000000000080ac                __init_SMP_start = .
 *(SORT_BY_NAME(SORT_BY_ALIGNMENT(.z_init_SMP_P_?_*)))
 *(SORT_BY_NAME(SORT_BY_ALIGNMENT(.z_init_SMP_P_??_*)))
 *(SORT_BY_NAME(SORT_BY_ALIGNMENT(.z_init_SMP_P_???_*)))
                0x00000000000080ac                __init_end = .

device_area     0x00000000000080ac       0x6c
                0x00000000000080ac                _device_list_start = .
 *(SORT_BY_NAME(SORT_BY_ALIGNMENT(._device.static.*_?_*)))
 *(SORT_BY_NAME(SORT_BY_ALIGNMENT(._device.static.*_??_*)))
 ._device.static.1_30_
                0x00000000000080ac       0x24 zephyr/drivers/clock_control/libdrivers__clock_control.a(clock_control_nrf.c.obj)
                0x00000000000080ac                __device_dts_ord_64
 ._device.static.1_40_
                0x00000000000080d0       0x24 zephyr/drivers/gpio/libdrivers__gpio.a(gpio_nrfx.c.obj)
                0x00000000000080d0                __device_dts_ord_11
 ._device.static.3_50_
                0x00000000000080f4       0x24 zephyr/drivers/spi/libdrivers__spi.a(spi_nrfx_spi.c.obj)
                0x00000000000080f4                __device_dts_ord_114
 *(SORT_BY_NAME(SORT_BY_ALIGNMENT(._device.static.*_???_*)))
 *(SORT_BY_NAME(SORT_BY_ALIGNMENT(._device.static.*_????_*)))
 *(SORT_BY_NAME(SORT_BY_ALIGNMENT(._device.static.*_?????_*)))
                0x0000000000008118                _device_list_end = .

sw_isr_table    0x0000000000008118      0x138
                0x0000000000008118                . = ALIGN (0x4)
 *(SORT_BY_ALIGNMENT(.gnu.linkonce.sw_isr_table*))
 .gnu.linkonce.sw_isr_table
                0x0000000000008118      0x138 zephyr/CMakeFiles/zephyr_final.dir/isr_tables.c.obj
                0x0000000000008118                _sw_isr_table

initlevel_error
                0x0000000000008064        0x0
 *(SORT_BY_NAME(SORT_BY_ALIGNMENT(.z_init_*)))
                0x0000000000000001                ASSERT ((SIZEOF (initlevel_error) == 0x0), Undefined initialization levels used.)

app_shmem_regions
                0x0000000000008250        0x0
                0x0000000000008250                __app_shmem_regions_start = .
 *(SORT_BY_NAME(SORT_BY_ALIGNMENT(.app_regions.*)))
                0x0000000000008250                __app_shmem_regions_end = .

k_p4wq_initparam_area
                0x0000000000008250        0x0
                0x0000000000008250                _k_p4wq_initparam_list_start = .
 *(SORT_BY_NAME(SORT_BY_ALIGNMENT(._k_p4wq_initparam.static.*)))
                0x0000000000008250                _k_p4wq_initparam_list_end = .

_static_thread_data_area
                0x0000000000008250       0x30
                0x0000000000008250                __static_thread_data_list_start = .
 *(SORT_BY_NAME(SORT_BY_ALIGNMENT(.__static_thread_data.static.*)))
 .__static_thread_data.static._k_thread_data_thread_read_bma400_id_
                0x0000000000008250       0x30 app/libapp.a(main.c.obj)
                0x0000000000008250                _k_thread_data_thread_read_bma400_id
                0x0000000000008280                __static_thread_data_list_end = .

device_deps     0x0000000000008280        0x0
                0x0000000000008280                __device_deps_start = .
 *(SORT_BY_NAME(SORT_BY_ALIGNMENT(.__device_deps_pass2*)))
                0x0000000000008280                __device_deps_end = .

gpio_driver_api_area
                0x0000000000008280       0x24
                0x0000000000008280                _gpio_driver_api_list_start = .
 *(SORT_BY_NAME(SORT_BY_ALIGNMENT(._gpio_driver_api.static.*)))
 ._gpio_driver_api.static.gpio_nrfx_drv_api_funcs_
                0x0000000000008280       0x24 zephyr/drivers/gpio/libdrivers__gpio.a(gpio_nrfx.c.obj)
                0x00000000000082a4                _gpio_driver_api_list_end = .

spi_driver_api_area
                0x00000000000082a4        0x8
                0x00000000000082a4                _spi_driver_api_list_start = .
 *(SORT_BY_NAME(SORT_BY_ALIGNMENT(._spi_driver_api.static.*)))
 ._spi_driver_api.static.spi_nrfx_driver_api_
                0x00000000000082a4        0x8 zephyr/drivers/spi/libdrivers__spi.a(spi_nrfx_spi.c.obj)
                0x00000000000082ac                _spi_driver_api_list_end = .

shared_irq_driver_api_area
                0x00000000000082ac        0x0
                0x00000000000082ac                _shared_irq_driver_api_list_start = .
 *(SORT_BY_NAME(SORT_BY_ALIGNMENT(._shared_irq_driver_api.static.*)))
                0x00000000000082ac                _shared_irq_driver_api_list_end = .

crypto_driver_api_area
                0x00000000000082ac        0x0
                0x00000000000082ac                _crypto_driver_api_list_start = .
 *(SORT_BY_NAME(SORT_BY_ALIGNMENT(._crypto_driver_api.static.*)))
                0x00000000000082ac                _crypto_driver_api_list_end = .

adc_driver_api_area
                0x00000000000082ac        0x0
                0x00000000000082ac                _adc_driver_api_list_start = .
 *(SORT_BY_NAME(SORT_BY_ALIGNMENT(._adc_driver_api.static.*)))
                0x00000000000082ac                _adc_driver_api_list_end = .

auxdisplay_driver_api_area
                0x00000000000082ac        0x0
                0x00000000000082ac                _auxdisplay_driver_api_list_start = .
 *(SORT_BY_NAME(SORT_BY_ALIGNMENT(._auxdisplay_driver_api.static.*)))
                0x00000000000082ac                _auxdisplay_driver_api_list_end = .

bbram_driver_api_area
                0x00000000000082ac        0x0
                0x00000000000082ac                _bbram_driver_api_list_start = .
 *(SORT_BY_NAME(SORT_BY_ALIGNMENT(._bbram_driver_api.static.*)))
                0x00000000000082ac                _bbram_driver_api_list_end = .

bt_hci_driver_api_area
                0x00000000000082ac        0x0
                0x00000000000082ac                _bt_hci_driver_api_list_start = .
 *(SORT_BY_NAME(SORT_BY_ALIGNMENT(._bt_hci_driver_api.static.*)))
                0x00000000000082ac                _bt_hci_driver_api_list_end = .

can_driver_api_area
                0x00000000000082ac        0x0
                0x00000000000082ac                _can_driver_api_list_start = .
 *(SORT_BY_NAME(SORT_BY_ALIGNMENT(._can_driver_api.static.*)))
                0x00000000000082ac                _can_driver_api_list_end = .

cellular_driver_api_area
                0x00000000000082ac        0x0
                0x00000000000082ac                _cellular_driver_api_list_start = .
 *(SORT_BY_NAME(SORT_BY_ALIGNMENT(._cellular_driver_api.static.*)))
                0x00000000000082ac                _cellular_driver_api_list_end = .

charger_driver_api_area
                0x00000000000082ac        0x0
                0x00000000000082ac                _charger_driver_api_list_start = .
 *(SORT_BY_NAME(SORT_BY_ALIGNMENT(._charger_driver_api.static.*)))
                0x00000000000082ac                _charger_driver_api_list_end = .

clock_control_driver_api_area
                0x00000000000082ac       0x1c
                0x00000000000082ac                _clock_control_driver_api_list_start = .
 *(SORT_BY_NAME(SORT_BY_ALIGNMENT(._clock_control_driver_api.static.*)))
 ._clock_control_driver_api.static.clock_control_api_
                0x00000000000082ac       0x1c zephyr/drivers/clock_control/libdrivers__clock_control.a(clock_control_nrf.c.obj)
                0x00000000000082c8                _clock_control_driver_api_list_end = .

comparator_driver_api_area
                0x00000000000082c8        0x0
                0x00000000000082c8                _comparator_driver_api_list_start = .
 *(SORT_BY_NAME(SORT_BY_ALIGNMENT(._comparator_driver_api.static.*)))
                0x00000000000082c8                _comparator_driver_api_list_end = .

coredump_driver_api_area
                0x00000000000082c8        0x0
                0x00000000000082c8                _coredump_driver_api_list_start = .
 *(SORT_BY_NAME(SORT_BY_ALIGNMENT(._coredump_driver_api.static.*)))
                0x00000000000082c8                _coredump_driver_api_list_end = .

counter_driver_api_area
                0x00000000000082c8        0x0
                0x00000000000082c8                _counter_driver_api_list_start = .
 *(SORT_BY_NAME(SORT_BY_ALIGNMENT(._counter_driver_api.static.*)))
                0x00000000000082c8                _counter_driver_api_list_end = .

dac_driver_api_area
                0x00000000000082c8        0x0
                0x00000000000082c8                _dac_driver_api_list_start = .
 *(SORT_BY_NAME(SORT_BY_ALIGNMENT(._dac_driver_api.static.*)))
                0x00000000000082c8                _dac_driver_api_list_end = .

dai_driver_api_area
                0x00000000000082c8        0x0
                0x00000000000082c8                _dai_driver_api_list_start = .
 *(SORT_BY_NAME(SORT_BY_ALIGNMENT(._dai_driver_api.static.*)))
                0x00000000000082c8                _dai_driver_api_list_end = .

display_driver_api_area
                0x00000000000082c8        0x0
                0x00000000000082c8                _display_driver_api_list_start = .
 *(SORT_BY_NAME(SORT_BY_ALIGNMENT(._display_driver_api.static.*)))
                0x00000000000082c8                _display_driver_api_list_end = .

dma_driver_api_area
                0x00000000000082c8        0x0
                0x00000000000082c8                _dma_driver_api_list_start = .
 *(SORT_BY_NAME(SORT_BY_ALIGNMENT(._dma_driver_api.static.*)))
                0x00000000000082c8                _dma_driver_api_list_end = .

edac_driver_api_area
                0x00000000000082c8        0x0
                0x00000000000082c8                _edac_driver_api_list_start = .
 *(SORT_BY_NAME(SORT_BY_ALIGNMENT(._edac_driver_api.static.*)))
                0x00000000000082c8                _edac_driver_api_list_end = .

eeprom_driver_api_area
                0x00000000000082c8        0x0
                0x00000000000082c8                _eeprom_driver_api_list_start = .
 *(SORT_BY_NAME(SORT_BY_ALIGNMENT(._eeprom_driver_api.static.*)))
                0x00000000000082c8                _eeprom_driver_api_list_end = .

emul_bbram_driver_api_area
                0x00000000000082c8        0x0
                0x00000000000082c8                _emul_bbram_driver_api_list_start = .
 *(SORT_BY_NAME(SORT_BY_ALIGNMENT(._emul_bbram_driver_api.static.*)))
                0x00000000000082c8                _emul_bbram_driver_api_list_end = .

fuel_gauge_emul_driver_api_area
                0x00000000000082c8        0x0
                0x00000000000082c8                _fuel_gauge_emul_driver_api_list_start = .
 *(SORT_BY_NAME(SORT_BY_ALIGNMENT(._fuel_gauge_emul_driver_api.static.*)))
                0x00000000000082c8                _fuel_gauge_emul_driver_api_list_end = .

emul_sensor_driver_api_area
                0x00000000000082c8        0x0
                0x00000000000082c8                _emul_sensor_driver_api_list_start = .
 *(SORT_BY_NAME(SORT_BY_ALIGNMENT(._emul_sensor_driver_api.static.*)))
                0x00000000000082c8                _emul_sensor_driver_api_list_end = .

entropy_driver_api_area
                0x00000000000082c8        0x0
                0x00000000000082c8                _entropy_driver_api_list_start = .
 *(SORT_BY_NAME(SORT_BY_ALIGNMENT(._entropy_driver_api.static.*)))
                0x00000000000082c8                _entropy_driver_api_list_end = .

espi_driver_api_area
                0x00000000000082c8        0x0
                0x00000000000082c8                _espi_driver_api_list_start = .
 *(SORT_BY_NAME(SORT_BY_ALIGNMENT(._espi_driver_api.static.*)))
                0x00000000000082c8                _espi_driver_api_list_end = .

espi_saf_driver_api_area
                0x00000000000082c8        0x0
                0x00000000000082c8                _espi_saf_driver_api_list_start = .
 *(SORT_BY_NAME(SORT_BY_ALIGNMENT(._espi_saf_driver_api.static.*)))
                0x00000000000082c8                _espi_saf_driver_api_list_end = .

flash_driver_api_area
                0x00000000000082c8        0x0
                0x00000000000082c8                _flash_driver_api_list_start = .
 *(SORT_BY_NAME(SORT_BY_ALIGNMENT(._flash_driver_api.static.*)))
                0x00000000000082c8                _flash_driver_api_list_end = .

fpga_driver_api_area
                0x00000000000082c8        0x0
                0x00000000000082c8                _fpga_driver_api_list_start = .
 *(SORT_BY_NAME(SORT_BY_ALIGNMENT(._fpga_driver_api.static.*)))
                0x00000000000082c8                _fpga_driver_api_list_end = .

fuel_gauge_driver_api_area
                0x00000000000082c8        0x0
                0x00000000000082c8                _fuel_gauge_driver_api_list_start = .
 *(SORT_BY_NAME(SORT_BY_ALIGNMENT(._fuel_gauge_driver_api.static.*)))
                0x00000000000082c8                _fuel_gauge_driver_api_list_end = .

gnss_driver_api_area
                0x00000000000082c8        0x0
                0x00000000000082c8                _gnss_driver_api_list_start = .
 *(SORT_BY_NAME(SORT_BY_ALIGNMENT(._gnss_driver_api.static.*)))
                0x00000000000082c8                _gnss_driver_api_list_end = .

haptics_driver_api_area
                0x00000000000082c8        0x0
                0x00000000000082c8                _haptics_driver_api_list_start = .
 *(SORT_BY_NAME(SORT_BY_ALIGNMENT(._haptics_driver_api.static.*)))
                0x00000000000082c8                _haptics_driver_api_list_end = .

hwspinlock_driver_api_area
                0x00000000000082c8        0x0
                0x00000000000082c8                _hwspinlock_driver_api_list_start = .
 *(SORT_BY_NAME(SORT_BY_ALIGNMENT(._hwspinlock_driver_api.static.*)))
                0x00000000000082c8                _hwspinlock_driver_api_list_end = .

i2c_driver_api_area
                0x00000000000082c8        0x0
                0x00000000000082c8                _i2c_driver_api_list_start = .
 *(SORT_BY_NAME(SORT_BY_ALIGNMENT(._i2c_driver_api.static.*)))
                0x00000000000082c8                _i2c_driver_api_list_end = .

i2c_target_driver_api_area
                0x00000000000082c8        0x0
                0x00000000000082c8                _i2c_target_driver_api_list_start = .
 *(SORT_BY_NAME(SORT_BY_ALIGNMENT(._i2c_target_driver_api.static.*)))
                0x00000000000082c8                _i2c_target_driver_api_list_end = .

i2s_driver_api_area
                0x00000000000082c8        0x0
                0x00000000000082c8                _i2s_driver_api_list_start = .
 *(SORT_BY_NAME(SORT_BY_ALIGNMENT(._i2s_driver_api.static.*)))
                0x00000000000082c8                _i2s_driver_api_list_end = .

i3c_driver_api_area
                0x00000000000082c8        0x0
                0x00000000000082c8                _i3c_driver_api_list_start = .
 *(SORT_BY_NAME(SORT_BY_ALIGNMENT(._i3c_driver_api.static.*)))
                0x00000000000082c8                _i3c_driver_api_list_end = .

ipm_driver_api_area
                0x00000000000082c8        0x0
                0x00000000000082c8                _ipm_driver_api_list_start = .
 *(SORT_BY_NAME(SORT_BY_ALIGNMENT(._ipm_driver_api.static.*)))
                0x00000000000082c8                _ipm_driver_api_list_end = .

led_driver_api_area
                0x00000000000082c8        0x0
                0x00000000000082c8                _led_driver_api_list_start = .
 *(SORT_BY_NAME(SORT_BY_ALIGNMENT(._led_driver_api.static.*)))
                0x00000000000082c8                _led_driver_api_list_end = .

led_strip_driver_api_area
                0x00000000000082c8        0x0
                0x00000000000082c8                _led_strip_driver_api_list_start = .
 *(SORT_BY_NAME(SORT_BY_ALIGNMENT(._led_strip_driver_api.static.*)))
                0x00000000000082c8                _led_strip_driver_api_list_end = .

lora_driver_api_area
                0x00000000000082c8        0x0
                0x00000000000082c8                _lora_driver_api_list_start = .
 *(SORT_BY_NAME(SORT_BY_ALIGNMENT(._lora_driver_api.static.*)))
                0x00000000000082c8                _lora_driver_api_list_end = .

mbox_driver_api_area
                0x00000000000082c8        0x0
                0x00000000000082c8                _mbox_driver_api_list_start = .
 *(SORT_BY_NAME(SORT_BY_ALIGNMENT(._mbox_driver_api.static.*)))
                0x00000000000082c8                _mbox_driver_api_list_end = .

mdio_driver_api_area
                0x00000000000082c8        0x0
                0x00000000000082c8                _mdio_driver_api_list_start = .
 *(SORT_BY_NAME(SORT_BY_ALIGNMENT(._mdio_driver_api.static.*)))
                0x00000000000082c8                _mdio_driver_api_list_end = .

mipi_dbi_driver_api_area
                0x00000000000082c8        0x0
                0x00000000000082c8                _mipi_dbi_driver_api_list_start = .
 *(SORT_BY_NAME(SORT_BY_ALIGNMENT(._mipi_dbi_driver_api.static.*)))
                0x00000000000082c8                _mipi_dbi_driver_api_list_end = .

mipi_dsi_driver_api_area
                0x00000000000082c8        0x0
                0x00000000000082c8                _mipi_dsi_driver_api_list_start = .
 *(SORT_BY_NAME(SORT_BY_ALIGNMENT(._mipi_dsi_driver_api.static.*)))
                0x00000000000082c8                _mipi_dsi_driver_api_list_end = .

mspi_driver_api_area
                0x00000000000082c8        0x0
                0x00000000000082c8                _mspi_driver_api_list_start = .
 *(SORT_BY_NAME(SORT_BY_ALIGNMENT(._mspi_driver_api.static.*)))
                0x00000000000082c8                _mspi_driver_api_list_end = .

peci_driver_api_area
                0x00000000000082c8        0x0
                0x00000000000082c8                _peci_driver_api_list_start = .
 *(SORT_BY_NAME(SORT_BY_ALIGNMENT(._peci_driver_api.static.*)))
                0x00000000000082c8                _peci_driver_api_list_end = .

ps2_driver_api_area
                0x00000000000082c8        0x0
                0x00000000000082c8                _ps2_driver_api_list_start = .
 *(SORT_BY_NAME(SORT_BY_ALIGNMENT(._ps2_driver_api.static.*)))
                0x00000000000082c8                _ps2_driver_api_list_end = .

ptp_clock_driver_api_area
                0x00000000000082c8        0x0
                0x00000000000082c8                _ptp_clock_driver_api_list_start = .
 *(SORT_BY_NAME(SORT_BY_ALIGNMENT(._ptp_clock_driver_api.static.*)))
                0x00000000000082c8                _ptp_clock_driver_api_list_end = .

pwm_driver_api_area
                0x00000000000082c8        0x0
                0x00000000000082c8                _pwm_driver_api_list_start = .
 *(SORT_BY_NAME(SORT_BY_ALIGNMENT(._pwm_driver_api.static.*)))
                0x00000000000082c8                _pwm_driver_api_list_end = .

regulator_parent_driver_api_area
                0x00000000000082c8        0x0
                0x00000000000082c8                _regulator_parent_driver_api_list_start = .
 *(SORT_BY_NAME(SORT_BY_ALIGNMENT(._regulator_parent_driver_api.static.*)))
                0x00000000000082c8                _regulator_parent_driver_api_list_end = .

regulator_driver_api_area
                0x00000000000082c8        0x0
                0x00000000000082c8                _regulator_driver_api_list_start = .
 *(SORT_BY_NAME(SORT_BY_ALIGNMENT(._regulator_driver_api.static.*)))
                0x00000000000082c8                _regulator_driver_api_list_end = .

reset_driver_api_area
                0x00000000000082c8        0x0
                0x00000000000082c8                _reset_driver_api_list_start = .
 *(SORT_BY_NAME(SORT_BY_ALIGNMENT(._reset_driver_api.static.*)))
                0x00000000000082c8                _reset_driver_api_list_end = .

retained_mem_driver_api_area
                0x00000000000082c8        0x0
                0x00000000000082c8                _retained_mem_driver_api_list_start = .
 *(SORT_BY_NAME(SORT_BY_ALIGNMENT(._retained_mem_driver_api.static.*)))
                0x00000000000082c8                _retained_mem_driver_api_list_end = .

rtc_driver_api_area
                0x00000000000082c8        0x0
                0x00000000000082c8                _rtc_driver_api_list_start = .
 *(SORT_BY_NAME(SORT_BY_ALIGNMENT(._rtc_driver_api.static.*)))
                0x00000000000082c8                _rtc_driver_api_list_end = .

sdhc_driver_api_area
                0x00000000000082c8        0x0
                0x00000000000082c8                _sdhc_driver_api_list_start = .
 *(SORT_BY_NAME(SORT_BY_ALIGNMENT(._sdhc_driver_api.static.*)))
                0x00000000000082c8                _sdhc_driver_api_list_end = .

sensor_driver_api_area
                0x00000000000082c8        0x0
                0x00000000000082c8                _sensor_driver_api_list_start = .
 *(SORT_BY_NAME(SORT_BY_ALIGNMENT(._sensor_driver_api.static.*)))
                0x00000000000082c8                _sensor_driver_api_list_end = .

smbus_driver_api_area
                0x00000000000082c8        0x0
                0x00000000000082c8                _smbus_driver_api_list_start = .
 *(SORT_BY_NAME(SORT_BY_ALIGNMENT(._smbus_driver_api.static.*)))
                0x00000000000082c8                _smbus_driver_api_list_end = .

stepper_driver_api_area
                0x00000000000082c8        0x0
                0x00000000000082c8                _stepper_driver_api_list_start = .
 *(SORT_BY_NAME(SORT_BY_ALIGNMENT(._stepper_driver_api.static.*)))
                0x00000000000082c8                _stepper_driver_api_list_end = .

syscon_driver_api_area
                0x00000000000082c8        0x0
                0x00000000000082c8                _syscon_driver_api_list_start = .
 *(SORT_BY_NAME(SORT_BY_ALIGNMENT(._syscon_driver_api.static.*)))
                0x00000000000082c8                _syscon_driver_api_list_end = .

tee_driver_api_area
                0x00000000000082c8        0x0
                0x00000000000082c8                _tee_driver_api_list_start = .
 *(SORT_BY_NAME(SORT_BY_ALIGNMENT(._tee_driver_api.static.*)))
                0x00000000000082c8                _tee_driver_api_list_end = .

video_driver_api_area
                0x00000000000082c8        0x0
                0x00000000000082c8                _video_driver_api_list_start = .
 *(SORT_BY_NAME(SORT_BY_ALIGNMENT(._video_driver_api.static.*)))
                0x00000000000082c8                _video_driver_api_list_end = .

w1_driver_api_area
                0x00000000000082c8        0x0
                0x00000000000082c8                _w1_driver_api_list_start = .
 *(SORT_BY_NAME(SORT_BY_ALIGNMENT(._w1_driver_api.static.*)))
                0x00000000000082c8                _w1_driver_api_list_end = .

wdt_driver_api_area
                0x00000000000082c8        0x0
                0x00000000000082c8                _wdt_driver_api_list_start = .
 *(SORT_BY_NAME(SORT_BY_ALIGNMENT(._wdt_driver_api.static.*)))
                0x00000000000082c8                _wdt_driver_api_list_end = .

can_transceiver_driver_api_area
                0x00000000000082c8        0x0
                0x00000000000082c8                _can_transceiver_driver_api_list_start = .
 *(SORT_BY_NAME(SORT_BY_ALIGNMENT(._can_transceiver_driver_api.static.*)))
                0x00000000000082c8                _can_transceiver_driver_api_list_end = .

nrf_clock_control_driver_api_area
                0x00000000000082c8        0x0
                0x00000000000082c8                _nrf_clock_control_driver_api_list_start = .
 *(SORT_BY_NAME(SORT_BY_ALIGNMENT(._nrf_clock_control_driver_api.static.*)))
                0x00000000000082c8                _nrf_clock_control_driver_api_list_end = .

i3c_target_driver_api_area
                0x00000000000082c8        0x0
                0x00000000000082c8                _i3c_target_driver_api_list_start = .
 *(SORT_BY_NAME(SORT_BY_ALIGNMENT(._i3c_target_driver_api.static.*)))
                0x00000000000082c8                _i3c_target_driver_api_list_end = .

its_driver_api_area
                0x00000000000082c8        0x0
                0x00000000000082c8                _its_driver_api_list_start = .
 *(SORT_BY_NAME(SORT_BY_ALIGNMENT(._its_driver_api.static.*)))
                0x00000000000082c8                _its_driver_api_list_end = .

vtd_driver_api_area
                0x00000000000082c8        0x0
                0x00000000000082c8                _vtd_driver_api_list_start = .
 *(SORT_BY_NAME(SORT_BY_ALIGNMENT(._vtd_driver_api.static.*)))
                0x00000000000082c8                _vtd_driver_api_list_end = .

tgpio_driver_api_area
                0x00000000000082c8        0x0
                0x00000000000082c8                _tgpio_driver_api_list_start = .
 *(SORT_BY_NAME(SORT_BY_ALIGNMENT(._tgpio_driver_api.static.*)))
                0x00000000000082c8                _tgpio_driver_api_list_end = .

pcie_ctrl_driver_api_area
                0x00000000000082c8        0x0
                0x00000000000082c8                _pcie_ctrl_driver_api_list_start = .
 *(SORT_BY_NAME(SORT_BY_ALIGNMENT(._pcie_ctrl_driver_api.static.*)))
                0x00000000000082c8                _pcie_ctrl_driver_api_list_end = .

pcie_ep_driver_api_area
                0x00000000000082c8        0x0
                0x00000000000082c8                _pcie_ep_driver_api_list_start = .
 *(SORT_BY_NAME(SORT_BY_ALIGNMENT(._pcie_ep_driver_api.static.*)))
                0x00000000000082c8                _pcie_ep_driver_api_list_end = .

svc_driver_api_area
                0x00000000000082c8        0x0
                0x00000000000082c8                _svc_driver_api_list_start = .
 *(SORT_BY_NAME(SORT_BY_ALIGNMENT(._svc_driver_api.static.*)))
                0x00000000000082c8                _svc_driver_api_list_end = .

uart_driver_api_area
                0x00000000000082c8        0x0
                0x00000000000082c8                _uart_driver_api_list_start = .
 *(SORT_BY_NAME(SORT_BY_ALIGNMENT(._uart_driver_api.static.*)))
                0x00000000000082c8                _uart_driver_api_list_end = .

bc12_emul_driver_api_area
                0x00000000000082c8        0x0
                0x00000000000082c8                _bc12_emul_driver_api_list_start = .
 *(SORT_BY_NAME(SORT_BY_ALIGNMENT(._bc12_emul_driver_api.static.*)))
                0x00000000000082c8                _bc12_emul_driver_api_list_end = .

bc12_driver_api_area
                0x00000000000082c8        0x0
                0x00000000000082c8                _bc12_driver_api_list_start = .
 *(SORT_BY_NAME(SORT_BY_ALIGNMENT(._bc12_driver_api.static.*)))
                0x00000000000082c8                _bc12_driver_api_list_end = .

usbc_ppc_driver_api_area
                0x00000000000082c8        0x0
                0x00000000000082c8                _usbc_ppc_driver_api_list_start = .
 *(SORT_BY_NAME(SORT_BY_ALIGNMENT(._usbc_ppc_driver_api.static.*)))
                0x00000000000082c8                _usbc_ppc_driver_api_list_end = .

tcpc_driver_api_area
                0x00000000000082c8        0x0